Archive member included to satisfy reference by file (symbol)

/opt/devkitpro/libgba/lib/libgba.a(console.o)
                              game.o (consoleDemoInit)
/opt/devkitpro/libgba/lib/libgba.a(CpuSet.o)
                              /opt/devkitpro/libgba/lib/libgba.a(console.o) (CpuFastSet)
/opt/devkitpro/libgba/lib/libgba.a(input.o)
                              game.o (scanKeys)
/opt/devkitpro/libgba/lib/libgba.a(interrupt.o)
                              game.o (irqInit)
/opt/devkitpro/libgba/lib/libgba.a(InterruptDispatcher.o)
                              /opt/devkitpro/libgba/lib/libgba.a(interrupt.o) (IntrMain)
/opt/devkitpro/libgba/lib/libgba.a(amiga.fnt.o)
                              /opt/devkitpro/libgba/lib/libgba.a(console.o) (amiga_fnt)
/opt/devkitpro/devkitARM/bin/../lib/gcc/arm-none-eabi/15.1.0/thumb/libgcc.a(_sync_none.o)
                              (__sync_synchronize_none)
/opt/devkitpro/devkitARM/bin/../lib/gcc/arm-none-eabi/15.1.0/../../../../arm-none-eabi/lib/thumb/libc.a(libc_a-init.o)
                              /opt/devkitpro/devkitARM/bin/../lib/gcc/arm-none-eabi/15.1.0/../../../../arm-none-eabi/lib/thumb/gba_crt0.o (__libc_init_array)
/opt/devkitpro/devkitARM/bin/../lib/gcc/arm-none-eabi/15.1.0/../../../../arm-none-eabi/lib/thumb/libc.a(libc_a-siscanf.o)
                              /opt/devkitpro/libgba/lib/libgba.a(console.o) (siscanf)
/opt/devkitpro/devkitARM/bin/../lib/gcc/arm-none-eabi/15.1.0/../../../../arm-none-eabi/lib/thumb/libc.a(libc_a-setvbuf.o)
                              /opt/devkitpro/libgba/lib/libgba.a(console.o) (setvbuf)
/opt/devkitpro/devkitARM/bin/../lib/gcc/arm-none-eabi/15.1.0/../../../../arm-none-eabi/lib/thumb/libc.a(libc_a-iprintf.o)
                              game.o (iprintf)
/opt/devkitpro/devkitARM/bin/../lib/gcc/arm-none-eabi/15.1.0/../../../../arm-none-eabi/lib/thumb/libc.a(libc_a-stdio.o)
                              /opt/devkitpro/devkitARM/bin/../lib/gcc/arm-none-eabi/15.1.0/../../../../arm-none-eabi/lib/thumb/libc.a(libc_a-siscanf.o) (__seofread)
/opt/devkitpro/devkitARM/bin/../lib/gcc/arm-none-eabi/15.1.0/../../../../arm-none-eabi/lib/thumb/libc.a(libc_a-vfiprintf.o)
                              /opt/devkitpro/devkitARM/bin/../lib/gcc/arm-none-eabi/15.1.0/../../../../arm-none-eabi/lib/thumb/libc.a(libc_a-iprintf.o) (_vfiprintf_r)
/opt/devkitpro/devkitARM/bin/../lib/gcc/arm-none-eabi/15.1.0/../../../../arm-none-eabi/lib/thumb/libc.a(libc_a-strlen.o)
                              /opt/devkitpro/devkitARM/bin/../lib/gcc/arm-none-eabi/15.1.0/../../../../arm-none-eabi/lib/thumb/libc.a(libc_a-siscanf.o) (strlen)
/opt/devkitpro/devkitARM/bin/../lib/gcc/arm-none-eabi/15.1.0/../../../../arm-none-eabi/lib/thumb/libc.a(libc_a-svfiscanf.o)
                              /opt/devkitpro/devkitARM/bin/../lib/gcc/arm-none-eabi/15.1.0/../../../../arm-none-eabi/lib/thumb/libc.a(libc_a-siscanf.o) (__ssvfiscanf_r)
/opt/devkitpro/devkitARM/bin/../lib/gcc/arm-none-eabi/15.1.0/../../../../arm-none-eabi/lib/thumb/libc.a(libc_a-findfp.o)
                              /opt/devkitpro/devkitARM/bin/../lib/gcc/arm-none-eabi/15.1.0/../../../../arm-none-eabi/lib/thumb/libc.a(libc_a-setvbuf.o) (__sinit)
/opt/devkitpro/devkitARM/bin/../lib/gcc/arm-none-eabi/15.1.0/../../../../arm-none-eabi/lib/thumb/libc.a(libc_a-strtoul.o)
                              /opt/devkitpro/devkitARM/bin/../lib/gcc/arm-none-eabi/15.1.0/../../../../arm-none-eabi/lib/thumb/libc.a(libc_a-svfiscanf.o) (_strtoul_r)
/opt/devkitpro/devkitARM/bin/../lib/gcc/arm-none-eabi/15.1.0/../../../../arm-none-eabi/lib/thumb/libc.a(libc_a-fwalk.o)
                              /opt/devkitpro/devkitARM/bin/../lib/gcc/arm-none-eabi/15.1.0/../../../../arm-none-eabi/lib/thumb/libc.a(libc_a-findfp.o) (_fwalk_sglue)
/opt/devkitpro/devkitARM/bin/../lib/gcc/arm-none-eabi/15.1.0/../../../../arm-none-eabi/lib/thumb/libc.a(libc_a-sprint_r.o)
                              /opt/devkitpro/devkitARM/bin/../lib/gcc/arm-none-eabi/15.1.0/../../../../arm-none-eabi/lib/thumb/libc.a(libc_a-vfiprintf.o) (__sprint_r)
/opt/devkitpro/devkitARM/bin/../lib/gcc/arm-none-eabi/15.1.0/../../../../arm-none-eabi/lib/thumb/libc.a(libc_a-iswspace.o)
                              /opt/devkitpro/devkitARM/bin/../lib/gcc/arm-none-eabi/15.1.0/../../../../arm-none-eabi/lib/thumb/libc.a(libc_a-svfiscanf.o) (iswspace)
/opt/devkitpro/devkitARM/bin/../lib/gcc/arm-none-eabi/15.1.0/../../../../arm-none-eabi/lib/thumb/libc.a(libc_a-localeconv.o)
                              /opt/devkitpro/devkitARM/bin/../lib/gcc/arm-none-eabi/15.1.0/../../../../arm-none-eabi/lib/thumb/libc.a(libc_a-vfiprintf.o) (_localeconv_r)
/opt/devkitpro/devkitARM/bin/../lib/gcc/arm-none-eabi/15.1.0/../../../../arm-none-eabi/lib/thumb/libc.a(libc_a-realloc.o)
                              /opt/devkitpro/devkitARM/bin/../lib/gcc/arm-none-eabi/15.1.0/../../../../arm-none-eabi/lib/thumb/libc.a(libc_a-svfiscanf.o) (realloc)
[...]
Memory Configuration

Name             Origin             Length             Attributes
rom              0x08000000         0x02000000
iwram            0x03000000         0x00008000
ewram            0x02000000         0x00040000
*default*        0x00000000         0xffffffff

Linker script and memory map

                0x00000000                        __sync_synchronize = __sync_synchronize_none
                0x08000000                        __text_start = ORIGIN (rom)
                0x02040000                        __eheap_end = (ORIGIN (ewram) + LENGTH (ewram))
                0x03000000                        __iwram_start = ORIGIN (iwram)
                0x03008000                        __iwram_top = (ORIGIN (iwram) + LENGTH (iwram))
                0x03007fa0                        __sp_irq = (__iwram_top - 0x60)
                0x03007f00                        __sp_usr = (__sp_irq - 0xa0)
                0x03007ff8                        __irq_flags = 0x3007ff8
                0x08000000                        . = __text_start

.crt0           0x08000000      0x210
 *(.crt0)
 .crt0          0x08000000      0x210 /opt/devkitpro/devkitARM/bin/../lib/gcc/arm-none-eabi/15.1.0/../../../../arm-none-eabi/lib/thumb/gba_crt0.o
                0x08000000                _start
                0x080000c4                __boot_method
                0x080000c5                __slave_number
                0x080000e0                start_vector
                0x08000210                        . = ALIGN (0x4)

.init           0x08000210        0xc
 *(SORT_NONE(.init))
 .init          0x08000210        0x4 /opt/devkitpro/devkitARM/bin/../lib/gcc/arm-none-eabi/15.1.0/thumb/crti.o
                0x08000210                _init
 .init          0x08000214        0x8 /opt/devkitpro/devkitARM/bin/../lib/gcc/arm-none-eabi/15.1.0/thumb/crtn.o

.plt            0x0800021c        0x0
 *(.plt)
                0x0800021c                        . = ALIGN (0x4)

.text           0x08000220     0x7d20
 *(EXCLUDE_FILE(*.iwram*) .text*)
 .text.__do_global_dtors_aux
                0x08000220       0x2c /opt/devkitpro/devkitARM/bin/../lib/gcc/arm-none-eabi/15.1.0/thumb/crtbegin.o
 .text.frame_dummy
                0x0800024c       0x24 /opt/devkitpro/devkitARM/bin/../lib/gcc/arm-none-eabi/15.1.0/thumb/crtbegin.o
 .text          0x08000270      0x510 game.o
                0x08000270                drawPlayer(int, int)
                0x08000298                redrawPlayer(int, int)
                0x08000340                drawTurret(int, int)
                0x08000368                drawLvl(char (*) [30])
                0x080004bc                switchLvl(char (*) [30])
                0x08000504                interact()
                0x08000678                scanLeftRight()
                0x080006ec                startBullet(int, int, int)
                0x08000720                redrawBullet()
                0x08000740                playerHit()
 .text.startup  0x08000780      0x138 game.o
                0x08000780                main
 .text          0x080008b8      0x4b8 /opt/devkitpro/libgba/lib/libgba.a(console.o)
                0x080008b8                con_read
                0x080008c0                con_close
                0x080008c8                con_open
                0x080008d4                con_write
                0x08000af8                consoleCls
                0x08000b28                upcvt_4bit
                0x08000b80                consoleInit
                0x08000c74                consoleDemoInit
                0x08000cb4                consolePrintChar
 .text          0x08000d70        0x8 /opt/devkitpro/libgba/lib/libgba.a(CpuSet.o)
                0x08000d70                CpuSet
                0x08000d74                CpuFastSet
 .text          0x08000d78       0xc0 /opt/devkitpro/libgba/lib/libgba.a(input.o)
                0x08000d78                setRepeat
                0x08000d84                scanKeys
                0x08000dfc                keysDownRepeat
                0x08000e0c                keysDown
                0x08000e1c                keysUp
                0x08000e2c                keysHeld
 .text          0x08000e38      0x3c4 /opt/devkitpro/libgba/lib/libgba.a(interrupt.o)
                0x08000e38                dummy
                0x08000e3c                InitInterrupt
                0x08000e98                irqInit
                0x08000ef4                SetInterrupt
                0x08000fdc                irqSet
                0x080010c4                EnableInterrupt
                0x08001110                irqEnable
                0x08001164                DisableInterrupt
                0x080011b0                irqDisable
 .text.__libc_init_array
                0x080011fc       0x54 /opt/devkitpro/devkitARM/bin/../lib/gcc/arm-none-eabi/15.1.0/../../../../arm-none-eabi/lib/thumb/libc.a(libc_a-init.o)
                0x080011fc                __libc_init_array
 .text.siscanf  0x08001250       0x50 /opt/devkitpro/devkitARM/bin/../lib/gcc/arm-none-eabi/15.1.0/../../../../arm-none-eabi/lib/thumb/libc.a(libc_a-siscanf.o)
                0x08001250                siscanf
 .text.setvbuf  0x080012a0      0x1ac /opt/devkitpro/devkitARM/bin/../lib/gcc/arm-none-eabi/15.1.0/../../../../arm-none-eabi/lib/thumb/libc.a(libc_a-setvbuf.o)
                0x080012a0                setvbuf
 .text.iprintf  0x0800144c       0x28 /opt/devkitpro/devkitARM/bin/../lib/gcc/arm-none-eabi/15.1.0/../../../../arm-none-eabi/lib/thumb/libc.a(libc_a-iprintf.o)
                0x0800144c                iprintf
 .text.__sread  0x08001474       0x34 /opt/devkitpro/devkitARM/bin/../lib/gcc/arm-none-eabi/15.1.0/../../../../arm-none-eabi/lib/thumb/libc.a(libc_a-stdio.o)
                0x08001474                __sread
 .text.__seofread
                0x080014a8        0x4 /opt/devkitpro/devkitARM/bin/../lib/gcc/arm-none-eabi/15.1.0/../../../../arm-none-eabi/lib/thumb/libc.a(libc_a-stdio.o)
                0x080014a8                __seofread
 .text.__swrite
                0x080014ac       0x4c /opt/devkitpro/devkitARM/bin/../lib/gcc/arm-none-eabi/15.1.0/../../../../arm-none-eabi/lib/thumb/libc.a(libc_a-stdio.o)
                0x080014ac                __swrite
 .text.__sseek  0x080014f8       0x3c /opt/devkitpro/devkitARM/bin/../lib/gcc/arm-none-eabi/15.1.0/../../../../arm-none-eabi/lib/thumb/libc.a(libc_a-stdio.o)
                0x080014f8                __sseek
 .text.__sclose
                0x08001534       0x10 /opt/devkitpro/devkitARM/bin/../lib/gcc/arm-none-eabi/15.1.0/../../../../arm-none-eabi/lib/thumb/libc.a(libc_a-stdio.o)
                0x08001534                __sclose
 .text.get_arg  0x08001544      0x404 /opt/devkitpro/devkitARM/bin/../lib/gcc/arm-none-eabi/15.1.0/../../../../arm-none-eabi/lib/thumb/libc.a(libc_a-vfiprintf.o)
 .text._vfiprintf_r
                0x08001948     0x16d0 /opt/devkitpro/devkitARM/bin/../lib/gcc/arm-none-eabi/15.1.0/../../../../arm-none-eabi/lib/thumb/libc.a(libc_a-vfiprintf.o)
                0x08001948                _vfiprintf_r
 .text.__sbprintf
                0x08003018       0x7c /opt/devkitpro/devkitARM/bin/../lib/gcc/arm-none-eabi/15.1.0/../../../../arm-none-eabi/lib/thumb/libc.a(libc_a-vfiprintf.o)
 .text.strlen   0x08003094       0x60 /opt/devkitpro/devkitARM/bin/../lib/gcc/arm-none-eabi/15.1.0/../../../../arm-none-eabi/lib/thumb/libc.a(libc_a-strlen.o)
                0x08003094                strlen
 .text.get_arg  0x080030f4       0x3e /opt/devkitpro/devkitARM/bin/../lib/gcc/arm-none-eabi/15.1.0/../../../../arm-none-eabi/lib/thumb/libc.a(libc_a-svfiscanf.o)
 .text._sungetc_r
                0x08003132       0x7e /opt/devkitpro/devkitARM/bin/../lib/gcc/arm-none-eabi/15.1.0/../../../../arm-none-eabi/lib/thumb/libc.a(libc_a-svfiscanf.o)
                0x08003132                _sungetc_r
 .text.__ssrefill_r
                0x080031b0       0x42 /opt/devkitpro/devkitARM/bin/../lib/gcc/arm-none-eabi/15.1.0/../../../../arm-none-eabi/lib/thumb/libc.a(libc_a-svfiscanf.o)
                0x080031b0                __ssrefill_r
 .text._sfread_r
                0x080031f2       0x88 /opt/devkitpro/devkitARM/bin/../lib/gcc/arm-none-eabi/15.1.0/../../../../arm-none-eabi/lib/thumb/libc.a(libc_a-svfiscanf.o)
                0x080031f2                _sfread_r
 *fill*         0x0800327a        0x2 ff
 .text.__ssvfiscanf_r
                0x0800327c     0x1984 /opt/devkitpro/devkitARM/bin/../lib/gcc/arm-none-eabi/15.1.0/../../../../arm-none-eabi/lib/thumb/libc.a(libc_a-svfiscanf.o)
                0x0800327c                __ssvfiscanf_r
 .text.stdio_exit_handler
                0x08004c00       0x20 /opt/devkitpro/devkitARM/bin/../lib/gcc/arm-none-eabi/15.1.0/../../../../arm-none-eabi/lib/thumb/libc.a(libc_a-findfp.o)
 .text.cleanup_stdio
                0x08004c20       0x40 /opt/devkitpro/devkitARM/bin/../lib/gcc/arm-none-eabi/15.1.0/../../../../arm-none-eabi/lib/thumb/libc.a(libc_a-findfp.o)
 .text.global_stdio_init.part.0
                0x08004c60      0x120 /opt/devkitpro/devkitARM/bin/../lib/gcc/arm-none-eabi/15.1.0/../../../../arm-none-eabi/lib/thumb/libc.a(libc_a-findfp.o)
 .text.__sinit  0x08004d80       0x3c /opt/devkitpro/devkitARM/bin/../lib/gcc/arm-none-eabi/15.1.0/../../../../arm-none-eabi/lib/thumb/libc.a(libc_a-findfp.o)
                0x08004d80                __sinit
 .text.__sfp_lock_acquire
                0x08004dbc       0x14 /opt/devkitpro/devkitARM/bin/../lib/gcc/arm-none-eabi/15.1.0/../../../../arm-none-eabi/lib/thumb/libc.a(libc_a-findfp.o)
                0x08004dbc                __sfp_lock_acquire
 .text.__sfp_lock_release
                0x08004dd0       0x14 /opt/devkitpro/devkitARM/bin/../lib/gcc/arm-none-eabi/15.1.0/../../../../arm-none-eabi/lib/thumb/libc.a(libc_a-findfp.o)
                0x08004dd0                __sfp_lock_release
 .text._strtoul_l.isra.0
                0x08004de4      0x150 /opt/devkitpro/devkitARM/bin/../lib/gcc/arm-none-eabi/15.1.0/../../../../arm-none-eabi/lib/thumb/libc.a(libc_a-strtoul.o)
 .text._strtoul_r
                0x08004f34       0x20 /opt/devkitpro/devkitARM/bin/../lib/gcc/arm-none-eabi/15.1.0/../../../../arm-none-eabi/lib/thumb/libc.a(libc_a-strtoul.o)
                0x08004f34                _strtoul_r
 .text._fwalk_sglue
                0x08004f54       0x4c /opt/devkitpro/devkitARM/bin/../lib/gcc/arm-none-eabi/15.1.0/../../../../arm-none-eabi/lib/thumb/libc.a(libc_a-fwalk.o)
                0x08004f54                _fwalk_sglue
 .text.__sprint_r
                0x08004fa0       0x24 /opt/devkitpro/devkitARM/bin/../lib/gcc/arm-none-eabi/15.1.0/../../../../arm-none-eabi/lib/thumb/libc.a(libc_a-sprint_r.o)
                0x08004fa0                __sprint_r
 .text.iswspace
                0x08004fc4       0x10 /opt/devkitpro/devkitARM/bin/../lib/gcc/arm-none-eabi/15.1.0/../../../../arm-none-eabi/lib/thumb/libc.a(libc_a-iswspace.o)
                0x08004fc4                iswspace
 .text._localeconv_r
                0x08004fd4       0x1c /opt/devkitpro/devkitARM/bin/../lib/gcc/arm-none-eabi/15.1.0/../../../../arm-none-eabi/lib/thumb/libc.a(libc_a-localeconv.o)
                0x08004fd4                _localeconv_r
 .text.realloc  0x08004ff0       0x18 /opt/devkitpro/devkitARM/bin/../lib/gcc/arm-none-eabi/15.1.0/../../../../arm-none-eabi/lib/thumb/libc.a(libc_a-realloc.o)
                0x08004ff0                realloc
 .text._malloc_r
                0x08005008      0x550 /opt/devkitpro/devkitARM/bin/../lib/gcc/arm-none-eabi/15.1.0/../../../../arm-none-eabi/lib/thumb/libc.a(libc_a-mallocr.o)
                0x08005008                _malloc_r
 .text.memchr   0x08005558       0x74 /opt/devkitpro/devkitARM/bin/../lib/gcc/arm-none-eabi/15.1.0/../../../../arm-none-eabi/lib/thumb/libc.a(libc_a-memchr-stub.o)
                0x08005558                memchr
 .text._wcrtomb_r
                0x080055cc       0x84 /opt/devkitpro/devkitARM/bin/../lib/gcc/arm-none-eabi/15.1.0/../../../../arm-none-eabi/lib/thumb/libc.a(libc_a-wcrtomb.o)
                0x080055cc                _wcrtomb_r
 .text._malloc_trim_r
                0x08005650       0xac /opt/devkitpro/devkitARM/bin/../lib/gcc/arm-none-eabi/15.1.0/../../../../arm-none-eabi/lib/thumb/libc.a(libc_a-freer.o)
                0x08005650                _malloc_trim_r
 .text._free_r  0x080056fc      0x1d8 /opt/devkitpro/devkitARM/bin/../lib/gcc/arm-none-eabi/15.1.0/../../../../arm-none-eabi/lib/thumb/libc.a(libc_a-freer.o)
                0x080056fc                _free_r
 .text._strtol_l.part.0
                0x080058d4      0x25c /opt/devkitpro/devkitARM/bin/../lib/gcc/arm-none-eabi/15.1.0/../../../../arm-none-eabi/lib/thumb/libc.a(libc_a-strtol.o)
 .text._strtol_r
                0x08005b30       0x34 /opt/devkitpro/devkitARM/bin/../lib/gcc/arm-none-eabi/15.1.0/../../../../arm-none-eabi/lib/thumb/libc.a(libc_a-strtol.o)
                0x08005b30                _strtol_r
 .text.malloc   0x08005b64       0x28 /opt/devkitpro/devkitARM/bin/../lib/gcc/arm-none-eabi/15.1.0/../../../../arm-none-eabi/lib/thumb/libc.a(libc_a-malloc.o)
                0x08005b64                malloc
 .text.free     0x08005b8c       0x14 /opt/devkitpro/devkitARM/bin/../lib/gcc/arm-none-eabi/15.1.0/../../../../arm-none-eabi/lib/thumb/libc.a(libc_a-malloc.o)
                0x08005b8c                free
 .text.__sccl   0x08005ba0       0xb0 /opt/devkitpro/devkitARM/bin/../lib/gcc/arm-none-eabi/15.1.0/../../../../arm-none-eabi/lib/thumb/libc.a(libc_a-sccl.o)
                0x08005ba0                __sccl
 .text.__sflush_r
                0x08005c50      0x180 /opt/devkitpro/devkitARM/bin/../lib/gcc/arm-none-eabi/15.1.0/../../../../arm-none-eabi/lib/thumb/libc.a(libc_a-fflush.o)
                0x08005c50                __sflush_r
 .text._fflush_r
                0x08005dd0       0x70 /opt/devkitpro/devkitARM/bin/../lib/gcc/arm-none-eabi/15.1.0/../../../../arm-none-eabi/lib/thumb/libc.a(libc_a-fflush.o)
                0x08005dd0                _fflush_r
 .text.__smakebuf_r
                0x08005e40       0xe0 /opt/devkitpro/devkitARM/bin/../lib/gcc/arm-none-eabi/15.1.0/../../../../arm-none-eabi/lib/thumb/libc.a(libc_a-makebuf.o)
                0x08005e40                __smakebuf_r
 .text.__swhatbuf_r
                0x08005f20       0x5c /opt/devkitpro/devkitARM/bin/../lib/gcc/arm-none-eabi/15.1.0/../../../../arm-none-eabi/lib/thumb/libc.a(libc_a-makebuf.o)
                0x08005f20                __swhatbuf_r
 .text.memset   0x08005f7c       0x8c /opt/devkitpro/devkitARM/bin/../lib/gcc/arm-none-eabi/15.1.0/../../../../arm-none-eabi/lib/thumb/libc.a(libc_a-memset.o)
                0x08005f7c                memset
 .text._realloc_r
                0x08006008      0x344 /opt/devkitpro/devkitARM/bin/../lib/gcc/arm-none-eabi/15.1.0/../../../../arm-none-eabi/lib/thumb/libc.a(libc_a-reallocr.o)
                0x08006008                _realloc_r
 .text.__malloc_lock
                0x0800634c       0x14 /opt/devkitpro/devkitARM/bin/../lib/gcc/arm-none-eabi/15.1.0/../../../../arm-none-eabi/lib/thumb/libc.a(libc_a-mlock.o)
                0x0800634c                __malloc_lock
 .text.__malloc_unlock
                0x08006360       0x14 /opt/devkitpro/devkitARM/bin/../lib/gcc/arm-none-eabi/15.1.0/../../../../arm-none-eabi/lib/thumb/libc.a(libc_a-mlock.o)
                0x08006360                __malloc_unlock
 .text.strncpy  0x08006374       0x68 /opt/devkitpro/devkitARM/bin/../lib/gcc/arm-none-eabi/15.1.0/../../../../arm-none-eabi/lib/thumb/libc.a(libc_a-strncpy.o)
                0x08006374                strncpy
 .text._strtoull_l.isra.0
                0x080063dc      0x1c0 /opt/devkitpro/devkitARM/bin/../lib/gcc/arm-none-eabi/15.1.0/../../../../arm-none-eabi/lib/thumb/libc.a(libc_a-strtoull.o)
 .text._strtoull_r
                0x0800659c       0x20 /opt/devkitpro/devkitARM/bin/../lib/gcc/arm-none-eabi/15.1.0/../../../../arm-none-eabi/lib/thumb/libc.a(libc_a-strtoull.o)
                0x0800659c                _strtoull_r
 .text.memcpy   0x080065bc       0xb0 /opt/devkitpro/devkitARM/bin/../lib/gcc/arm-none-eabi/15.1.0/../../../../arm-none-eabi/lib/thumb/libc.a(libc_a-memcpy-stub.o)
                0x080065bc                memcpy
 .text._wcsrtombs_r
                0x0800666c       0x20 /opt/devkitpro/devkitARM/bin/../lib/gcc/arm-none-eabi/15.1.0/../../../../arm-none-eabi/lib/thumb/libc.a(libc_a-wcsrtombs.o)
                0x0800666c                _wcsrtombs_r
 .text._mbrtowc_r
                0x0800668c       0x98 /opt/devkitpro/devkitARM/bin/../lib/gcc/arm-none-eabi/15.1.0/../../../../arm-none-eabi/lib/thumb/libc.a(libc_a-mbrtowc.o)
                0x0800668c                _mbrtowc_r
 .text.__swsetup_r
                0x08006724       0xd4 /opt/devkitpro/devkitARM/bin/../lib/gcc/arm-none-eabi/15.1.0/../../../../arm-none-eabi/lib/thumb/libc.a(libc_a-wsetup.o)
                0x08006724                __swsetup_r
 .text.__sfvwrite_r
                0x080067f8      0x31c /opt/devkitpro/devkitARM/bin/../lib/gcc/arm-none-eabi/15.1.0/../../../../arm-none-eabi/lib/thumb/libc.a(libc_a-fvwrite.o)
                0x080067f8                __sfvwrite_r
 .text.memmove  0x08006b14       0xcc /opt/devkitpro/devkitARM/bin/../lib/gcc/arm-none-eabi/15.1.0/../../../../arm-none-eabi/lib/thumb/libc.a(libc_a-memmove.o)
                0x08006b14                memmove
 .text.iswspace_l
                0x08006be0       0x28 /opt/devkitpro/devkitARM/bin/../lib/gcc/arm-none-eabi/15.1.0/../../../../arm-none-eabi/lib/thumb/libc.a(libc_a-iswspace_l.o)
                0x08006be0                iswspace_l
 .text._fclose_r
                0x08006c08       0xdc /opt/devkitpro/devkitARM/bin/../lib/gcc/arm-none-eabi/15.1.0/../../../../arm-none-eabi/lib/thumb/libc.a(libc_a-fclose.o)
                0x08006c08                _fclose_r
 .text._strtoll_l.isra.0
                0x08006ce4      0x300 /opt/devkitpro/devkitARM/bin/../lib/gcc/arm-none-eabi/15.1.0/../../../../arm-none-eabi/lib/thumb/libc.a(libc_a-strtoll.o)
 .text._strtoll_r
                0x08006fe4       0x20 /opt/devkitpro/devkitARM/bin/../lib/gcc/arm-none-eabi/15.1.0/../../../../arm-none-eabi/lib/thumb/libc.a(libc_a-strtoll.o)
                0x08006fe4                _strtoll_r
 .text.__locale_mb_cur_max
                0x08007004       0x20 /opt/devkitpro/devkitARM/bin/../lib/gcc/arm-none-eabi/15.1.0/../../../../arm-none-eabi/lib/thumb/libc.a(libc_a-locale.o)
                0x08007004                __locale_mb_cur_max
 .text.__submore
                0x08007024       0x7c /opt/devkitpro/devkitARM/bin/../lib/gcc/arm-none-eabi/15.1.0/../../../../arm-none-eabi/lib/thumb/libc.a(libc_a-ungetc.o)
                0x08007024                __submore
 .text._memalign_r
                0x080070a0      0x118 /opt/devkitpro/devkitARM/bin/../lib/gcc/arm-none-eabi/15.1.0/../../../../arm-none-eabi/lib/thumb/libc.a(libc_a-malignr.o)
                0x080070a0                _memalign_r
 .text._wcsnrtombs_l
                0x080071b8      0x11c /opt/devkitpro/devkitARM/bin/../lib/gcc/arm-none-eabi/15.1.0/../../../../arm-none-eabi/lib/thumb/libc.a(libc_a-wcsnrtombs.o)
                0x080071b8                _wcsnrtombs_l
 .text._wcsnrtombs_r
                0x080072d4       0x40 /opt/devkitpro/devkitARM/bin/../lib/gcc/arm-none-eabi/15.1.0/../../../../arm-none-eabi/lib/thumb/libc.a(libc_a-wcsnrtombs.o)
                0x080072d4                _wcsnrtombs_r
 .text.__utf8_mbtowc
                0x08007314      0x24c /opt/devkitpro/devkitARM/bin/../lib/gcc/arm-none-eabi/15.1.0/../../../../arm-none-eabi/lib/thumb/libc.a(libc_a-mbtowc_r.o)
                0x08007314                __utf8_mbtowc
 .text.__errno  0x08007560        0xc /opt/devkitpro/devkitARM/bin/../lib/gcc/arm-none-eabi/15.1.0/../../../../arm-none-eabi/lib/thumb/libc.a(libc_a-errno.o)
                0x08007560                __errno
 .text.category
                0x0800756c       0x5c /opt/devkitpro/devkitARM/bin/../lib/gcc/arm-none-eabi/15.1.0/../../../../arm-none-eabi/lib/thumb/libc.a(libc_a-categories.o)
                0x0800756c                category
 .text.__utf8_wctomb
                0x080075c8       0xbc /opt/devkitpro/devkitARM/bin/../lib/gcc/arm-none-eabi/15.1.0/../../../../arm-none-eabi/lib/thumb/libc.a(libc_a-wctomb_r.o)
                0x080075c8                __utf8_wctomb
 .text._fstat_r
                0x08007684       0x5c /opt/devkitpro/devkitARM/bin/../lib/gcc/arm-none-eabi/15.1.0/../../../../arm-none-eabi/lib/thumb/libsysbase.a(libsysbase_libsysbase_a-fstat.o)
                0x08007684                _fstat_r
 .text.__getreent
                0x080076e0       0x20 /opt/devkitpro/devkitARM/bin/../lib/gcc/arm-none-eabi/15.1.0/../../../../arm-none-eabi/lib/thumb/libsysbase.a(libsysbase_libsysbase_a-getreent.o)
                0x080076e0                __getreent
 .text.__get_handle
                0x08007700       0x34 /opt/devkitpro/devkitARM/bin/../lib/gcc/arm-none-eabi/15.1.0/../../../../arm-none-eabi/lib/thumb/libsysbase.a(libsysbase_libsysbase_a-handle_manager.o)
                0x08007700                __get_handle
 .text._close_r
                0x08007734       0xb0 /opt/devkitpro/devkitARM/bin/../lib/gcc/arm-none-eabi/15.1.0/../../../../arm-none-eabi/lib/thumb/libsysbase.a(libsysbase_libsysbase_a-handle_manager.o)
                0x08007734                _close_r
 .text.null_write
                0x080077e4        0x4 /opt/devkitpro/devkitARM/bin/../lib/gcc/arm-none-eabi/15.1.0/../../../../arm-none-eabi/lib/thumb/libsysbase.a(libsysbase_libsysbase_a-iosupport.o)
 .text._isatty_r
                0x080077e8        0x4 /opt/devkitpro/devkitARM/bin/../lib/gcc/arm-none-eabi/15.1.0/../../../../arm-none-eabi/lib/thumb/libsysbase.a(libsysbase_libsysbase_a-isatty.o)
                0x080077e8                _isatty_r
 .text._lseek_r
                0x080077ec       0x64 /opt/devkitpro/devkitARM/bin/../lib/gcc/arm-none-eabi/15.1.0/../../../../arm-none-eabi/lib/thumb/libsysbase.a(libsysbase_libsysbase_a-lseek.o)
                0x080077ec                _lseek_r
 .text._read_r  0x08007850       0x5c /opt/devkitpro/devkitARM/bin/../lib/gcc/arm-none-eabi/15.1.0/../../../../arm-none-eabi/lib/thumb/libsysbase.a(libsysbase_libsysbase_a-read.o)
                0x08007850                _read_r
 .text._sbrk_r  0x080078ac       0x50 /opt/devkitpro/devkitARM/bin/../lib/gcc/arm-none-eabi/15.1.0/../../../../arm-none-eabi/lib/thumb/libsysbase.a(libsysbase_libsysbase_a-sbrk.o)
                0x080078ac                _sbrk_r
 .text.__libc_lock_acquire
                0x080078fc       0x18 /opt/devkitpro/devkitARM/bin/../lib/gcc/arm-none-eabi/15.1.0/../../../../arm-none-eabi/lib/thumb/libsysbase.a(libsysbase_libsysbase_a-syscall_support.o)
                0x080078fc                __libc_lock_acquire
 .text.__libc_lock_release
                0x08007914       0x18 /opt/devkitpro/devkitARM/bin/../lib/gcc/arm-none-eabi/15.1.0/../../../../arm-none-eabi/lib/thumb/libsysbase.a(libsysbase_libsysbase_a-syscall_support.o)
                0x08007914                __libc_lock_release
 .text.__libc_lock_acquire_recursive
                0x0800792c       0x18 /opt/devkitpro/devkitARM/bin/../lib/gcc/arm-none-eabi/15.1.0/../../../../arm-none-eabi/lib/thumb/libsysbase.a(libsysbase_libsysbase_a-syscall_support.o)
                0x0800792c                __libc_lock_acquire_recursive
 .text.__libc_lock_release_recursive
                0x08007944       0x18 /opt/devkitpro/devkitARM/bin/../lib/gcc/arm-none-eabi/15.1.0/../../../../arm-none-eabi/lib/thumb/libsysbase.a(libsysbase_libsysbase_a-syscall_support.o)
                0x08007944                __libc_lock_release_recursive
 .text._write_r
                0x0800795c       0x5c /opt/devkitpro/devkitARM/bin/../lib/gcc/arm-none-eabi/15.1.0/../../../../arm-none-eabi/lib/thumb/libsysbase.a(libsysbase_libsysbase_a-write.o)
                0x0800795c                _write_r
 .text          0x080079b8       0x14 /opt/devkitpro/devkitARM/bin/../lib/gcc/arm-none-eabi/15.1.0/thumb/libgcc.a(_thumb1_case_uqi.o)
                0x080079b8                __gnu_thumb1_case_uqi
 .text          0x080079cc       0x14 /opt/devkitpro/devkitARM/bin/../lib/gcc/arm-none-eabi/15.1.0/thumb/libgcc.a(_thumb1_case_uhi.o)
                0x080079cc                __gnu_thumb1_case_uhi
 .text          0x080079e0      0x11c /opt/devkitpro/devkitARM/bin/../lib/gcc/arm-none-eabi/15.1.0/thumb/libgcc.a(_udivsi3.o)
                0x080079e0                __udivsi3
                0x080079e0                __aeabi_uidiv
                0x08007adc                __aeabi_uidivmod
 .text          0x08007afc      0x150 /opt/devkitpro/devkitARM/bin/../lib/gcc/arm-none-eabi/15.1.0/thumb/libgcc.a(_divsi3.o)
                0x08007afc                __aeabi_idiv
                0x08007afc                __divsi3
                0x08007c2c                __aeabi_idivmod
 .text          0x08007c4c        0x4 /opt/devkitpro/devkitARM/bin/../lib/gcc/arm-none-eabi/15.1.0/thumb/libgcc.a(_dvmd_tls.o)
                0x08007c4c                __aeabi_ldiv0
                0x08007c4c                __aeabi_idiv0
 .text          0x08007c50       0x3c /opt/devkitpro/devkitARM/bin/../lib/gcc/arm-none-eabi/15.1.0/thumb/libgcc.a(_aeabi_uldivmod.o)
                0x08007c50                __aeabi_uldivmod
 .text.__muldi3
                0x08007c8c       0x58 /opt/devkitpro/devkitARM/bin/../lib/gcc/arm-none-eabi/15.1.0/thumb/libgcc.a(_muldi3.o)
                0x08007c8c                __aeabi_lmul
                0x08007c8c                __muldi3
 .text.__udivmoddi4
                0x08007ce4      0x194 /opt/devkitpro/devkitARM/bin/../lib/gcc/arm-none-eabi/15.1.0/thumb/libgcc.a(_udivmoddi4.o)
                0x08007ce4                __udivmoddi4
 .text          0x08007e78       0x28 /opt/devkitpro/devkitARM/bin/../lib/gcc/arm-none-eabi/15.1.0/thumb/libgcc.a(_clzdi2.o)
                0x08007e78                __clzdi2
 .text          0x08007ea0       0x48 /opt/devkitpro/devkitARM/bin/../lib/gcc/arm-none-eabi/15.1.0/thumb/libgcc.a(_clzsi2.o)
                0x08007ea0                __clzsi2
 .text.__stub   0x08007ee8       0x4c linker stubs
 *(.gnu.linkonce.t.*)
 *(.text.*personality*)
 *(.gnu.warning)
 *(.glue_7t)
 .glue_7t       0x08007f40        0x0 linker stubs
 *(.glue_7)
 .glue_7        0x08007f40        0x0 linker stubs
 *(.vfp11_veneer)
 .vfp11_veneer  0x08007f40        0x0 linker stubs
                0x08007f40                        . = ALIGN (0x4)
                0x08007f40                        __text_end = .

.v4_bx          0x08007f40        0x0
 .v4_bx         0x08007f40        0x0 linker stubs

.iplt           0x08007f40        0x0
 .iplt          0x08007f40        0x0 /opt/devkitpro/devkitARM/bin/../lib/gcc/arm-none-eabi/15.1.0/../../../../arm-none-eabi/lib/thumb/gba_crt0.o

.fini           0x08007f40        0xc
 *(.fini)
 .fini          0x08007f40        0x4 /opt/devkitpro/devkitARM/bin/../lib/gcc/arm-none-eabi/15.1.0/thumb/crti.o
                0x08007f40                _fini
 .fini          0x08007f44        0x8 /opt/devkitpro/devkitARM/bin/../lib/gcc/arm-none-eabi/15.1.0/thumb/crtn.o
                0x08007f4c                        . = ALIGN (0x4)

.rodata         0x08007f4c     0x4458
 *(.rodata)
 .rodata        0x08007f4c      0x1d4 /opt/devkitpro/libgba/lib/libgba.a(console.o)
                0x08008020                dotab_stderr
                0x080080a0                dotab_stdout
 *all.rodata*(*)
 *(.roda)
 *(.rodata.*)
 .rodata.str1.4
                0x08008120       0xdc game.o
                                 0x62 (size before relaxing)
 .rodata.str1.4
                0x080081fc       0x2c /opt/devkitpro/libgba/lib/libgba.a(console.o)
 .rodata.amiga_fnt
                0x080081fc      0x800 /opt/devkitpro/libgba/lib/libgba.a(amiga.fnt.o)
                0x080081fc                amiga_fnt
                0x080089fc                amiga_fnt_end
 .rodata._vfiprintf_r.str1.1
                0x080089fc       0x29 /opt/devkitpro/devkitARM/bin/../lib/gcc/arm-none-eabi/15.1.0/../../../../arm-none-eabi/lib/thumb/libc.a(libc_a-vfiprintf.o)
 *fill*         0x08008a25        0x3 ff
 .rodata.zeroes.0
                0x08008a28       0x10 /opt/devkitpro/devkitARM/bin/../lib/gcc/arm-none-eabi/15.1.0/../../../../arm-none-eabi/lib/thumb/libc.a(libc_a-vfiprintf.o)
 .rodata.blanks.1
                0x08008a38       0x10 /opt/devkitpro/devkitARM/bin/../lib/gcc/arm-none-eabi/15.1.0/../../../../arm-none-eabi/lib/thumb/libc.a(libc_a-vfiprintf.o)
 .rodata.basefix.0
                0x08008a48       0x22 /opt/devkitpro/devkitARM/bin/../lib/gcc/arm-none-eabi/15.1.0/../../../../arm-none-eabi/lib/thumb/libc.a(libc_a-svfiscanf.o)
 *fill*         0x08008a6a        0x2 ff
 .rodata._ctype_
                0x08008a6c      0x101 /opt/devkitpro/devkitARM/bin/../lib/gcc/arm-none-eabi/15.1.0/../../../../arm-none-eabi/lib/thumb/libc.a(libc_a-ctype_.o)
                0x08008a6c                _ctype_
 *fill*         0x08008b6d        0x3 ff
 .rodata.__action_table
                0x08008b70       0x6c /opt/devkitpro/devkitARM/bin/../lib/gcc/arm-none-eabi/15.1.0/../../../../arm-none-eabi/lib/thumb/libc.a(libc_a-svfiprintf.o)
                0x08008b70                __action_table
 .rodata.__state_table
                0x08008bdc       0x6c /opt/devkitpro/devkitARM/bin/../lib/gcc/arm-none-eabi/15.1.0/../../../../arm-none-eabi/lib/thumb/libc.a(libc_a-svfiprintf.o)
                0x08008bdc                __state_table
 .rodata.__chclass
                0x08008c48      0x100 /opt/devkitpro/devkitARM/bin/../lib/gcc/arm-none-eabi/15.1.0/../../../../arm-none-eabi/lib/thumb/libc.a(libc_a-svfiprintf.o)
                0x08008c48                __chclass
 .rodata._mbrtowc_r.str1.4
                0x08008d48        0x1 /opt/devkitpro/devkitARM/bin/../lib/gcc/arm-none-eabi/15.1.0/../../../../arm-none-eabi/lib/thumb/libc.a(libc_a-mbrtowc.o)
 .rodata.str1.4
                0x08008d48       0x4c /opt/devkitpro/devkitARM/bin/../lib/gcc/arm-none-eabi/15.1.0/../../../../arm-none-eabi/lib/thumb/libc.a(libc_a-locale.o)
 .rodata.categories
                0x08008d48     0x35dc /opt/devkitpro/devkitARM/bin/../lib/gcc/arm-none-eabi/15.1.0/../../../../arm-none-eabi/lib/thumb/libc.a(libc_a-categories.o)
 .rodata.AddDevice.str1.4
                0x0800c324        0x8 /opt/devkitpro/devkitARM/bin/../lib/gcc/arm-none-eabi/15.1.0/../../../../arm-none-eabi/lib/thumb/libsysbase.a(libsysbase_libsysbase_a-iosupport.o)
 .rodata.dotab_stdnull
                0x0800c324       0x80 /opt/devkitpro/devkitARM/bin/../lib/gcc/arm-none-eabi/15.1.0/../../../../arm-none-eabi/lib/thumb/libsysbase.a(libsysbase_libsysbase_a-iosupport.o)
                0x0800c324                dotab_stdnull
 *(.gnu.linkonce.r*)
                0x0800c3a4                        . = ALIGN (0x4)

.ARM.extab
 *(.ARM.extab* .gnu.linkonce.armextab.*)
                0x0800c3a4                        __exidx_start = .

.ARM.exidx
 *(.ARM.exidx* .gnu.linkonce.armexidx.*)
                0x0800c3a4                        __exidx_end = .

.ctors          0x0800c3a4        0x0
 *crtbegin.o(.ctors)
 *(EXCLUDE_FILE(*crtend.o) .ctors)
 *(SORT_BY_NAME(.ctors.*))
 *(.ctors)
                0x0800c3a4                        . = ALIGN (0x4)

.dtors          0x0800c3a4        0x0
 *crtbegin.o(.dtors)
 *(EXCLUDE_FILE(*crtend.o) .dtors)
 *(SORT_BY_NAME(.dtors.*))
 *(.dtors)
                0x0800c3a4                        . = ALIGN (0x4)

.eh_frame       0x0800c3a4        0x4
 *(.eh_frame)
 .eh_frame      0x0800c3a4        0x0 /opt/devkitpro/devkitARM/bin/../lib/gcc/arm-none-eabi/15.1.0/thumb/crtbegin.o
 .eh_frame      0x0800c3a4        0x4 /opt/devkitpro/devkitARM/bin/../lib/gcc/arm-none-eabi/15.1.0/thumb/crtend.o
                0x0800c3a8                        . = ALIGN (0x4)

.gcc_except_table
                0x0800c3a8        0x0
 *(.gcc_except_table)
                0x0800c3a8                        . = ALIGN (0x4)
                0x0800c3a8                        __iwram_lma = .

.iwram          0x03000000       0xb8 load address 0x0800c3a8
                0x03000000                        __iwram_start__ = ABSOLUTE (.)
 *(.iwram .iwram*)
 .iwram         0x03000000       0xb8 /opt/devkitpro/libgba/lib/libgba.a(InterruptDispatcher.o)
                0x03000000                IntrMain
 *iwram.*(.text* .data*)
                0x030000b8                        . = ALIGN (0x4)
                0x030000b8                        __iwram_end__ = ABSOLUTE (.)
                0x0800c460                        __data_lma = (__iwram_lma + SIZEOF (.iwram))

.bss            0x030000b8      0x4dc
                0x030000b8                        __bss_start = ABSOLUTE (.)
                0x030000b8                        __bss_start__ = ABSOLUTE (.)
 *(.dynbss)
 *(.gnu.linkonce.b*)
 *(.bss*)
 .bss.completed.1
                0x030000b8        0x1 /opt/devkitpro/devkitARM/bin/../lib/gcc/arm-none-eabi/15.1.0/thumb/crtbegin.o
 *fill*         0x030000b9        0x3 
 .bss.object.0  0x030000bc       0x18 /opt/devkitpro/devkitARM/bin/../lib/gcc/arm-none-eabi/15.1.0/thumb/crtbegin.o
 .bss           0x030000d4      0x252 game.o
                0x030000d4                showEndScreen_
                0x030000d8                bulletCol_
                0x030000dc                bulletDir_
                0x030000e0                bulletRow_
                0x030000e4                bulletActive_
                0x030000e5                hasMoved_
                0x030000e6                interacted_
                0x030000e8                lvlIndex_
                0x030000ec                currLvl_
 *fill*         0x03000326        0x2 
 .bss           0x03000328       0x1c /opt/devkitpro/libgba/lib/libgba.a(console.o)
 .bss           0x03000344        0xa /opt/devkitpro/libgba/lib/libgba.a(input.o)
 *fill*         0x0300034e        0x2 
 .bss           0x03000350       0x78 /opt/devkitpro/libgba/lib/libgba.a(interrupt.o)
                0x03000350                IntrTable
 .bss.__sfp_recursive_mutex
                0x030003c8        0xc /opt/devkitpro/devkitARM/bin/../lib/gcc/arm-none-eabi/15.1.0/../../../../arm-none-eabi/lib/thumb/libc.a(libc_a-findfp.o)
 *fill*         0x030003d4        0x4 
 .bss.__sf      0x030003d8      0x168 /opt/devkitpro/devkitARM/bin/../lib/gcc/arm-none-eabi/15.1.0/../../../../arm-none-eabi/lib/thumb/libc.a(libc_a-findfp.o)
                0x030003d8                __sf
 .bss.__stdio_exit_handler
                0x03000540        0x4 /opt/devkitpro/devkitARM/bin/../lib/gcc/arm-none-eabi/15.1.0/../../../../arm-none-eabi/lib/thumb/libc.a(libc_a-findfp.o)
                0x03000540                __stdio_exit_handler
 .bss.__malloc_current_mallinfo
                0x03000544       0x28 /opt/devkitpro/devkitARM/bin/../lib/gcc/arm-none-eabi/15.1.0/../../../../arm-none-eabi/lib/thumb/libc.a(libc_a-mallocr.o)
                0x03000544                __malloc_current_mallinfo
 .bss.__malloc_max_total_mem
                0x0300056c        0x4 /opt/devkitpro/devkitARM/bin/../lib/gcc/arm-none-eabi/15.1.0/../../../../arm-none-eabi/lib/thumb/libc.a(libc_a-mallocr.o)
                0x0300056c                __malloc_max_total_mem
 .bss.__malloc_max_sbrked_mem
                0x03000570        0x4 /opt/devkitpro/devkitARM/bin/../lib/gcc/arm-none-eabi/15.1.0/../../../../arm-none-eabi/lib/thumb/libc.a(libc_a-mallocr.o)
                0x03000570                __malloc_max_sbrked_mem
 .bss.__malloc_top_pad
                0x03000574        0x4 /opt/devkitpro/devkitARM/bin/../lib/gcc/arm-none-eabi/15.1.0/../../../../arm-none-eabi/lib/thumb/libc.a(libc_a-mallocr.o)
                0x03000574                __malloc_top_pad
 .bss.__malloc_recursive_mutex
                0x03000578        0xc /opt/devkitpro/devkitARM/bin/../lib/gcc/arm-none-eabi/15.1.0/../../../../arm-none-eabi/lib/thumb/libc.a(libc_a-mlock.o)
 .bss.__hndl_lock
                0x03000584        0x4 /opt/devkitpro/devkitARM/bin/../lib/gcc/arm-none-eabi/15.1.0/../../../../arm-none-eabi/lib/thumb/libsysbase.a(libsysbase_libsysbase_a-handle_manager.o)
 .bss.fake_heap_start
                0x03000588        0x4 /opt/devkitpro/devkitARM/bin/../lib/gcc/arm-none-eabi/15.1.0/../../../../arm-none-eabi/lib/thumb/libsysbase.a(libsysbase_libsysbase_a-malloc_vars.o)
                0x03000588                fake_heap_start
 .bss.fake_heap_end
                0x0300058c        0x4 /opt/devkitpro/devkitARM/bin/../lib/gcc/arm-none-eabi/15.1.0/../../../../arm-none-eabi/lib/thumb/libsysbase.a(libsysbase_libsysbase_a-malloc_vars.o)
                0x0300058c                fake_heap_end
 .bss.heap_start.0
                0x03000590        0x4 /opt/devkitpro/devkitARM/bin/../lib/gcc/arm-none-eabi/15.1.0/../../../../arm-none-eabi/lib/thumb/libsysbase.a(libsysbase_libsysbase_a-sbrk.o)
 *(COMMON)
                0x03000594                        . = ALIGN (0x4)
                0x03000594                        __bss_end__ = ABSOLUTE (.)

.data           0x03000594     0x2504 load address 0x0800c460
                0x03000594                        __data_start__ = ABSOLUTE (.)
 *(.data*)
 .data          0x03000594      0xd7a game.o
                0x03000594                playerRow_
                0x03000598                playerCol_
                0x0300059c                turretActive_
                0x0300059d                showTitleScreen_
                0x0300059e                isAlive_
                0x030005a0                turretRow_
                0x030005a4                turretCol_
                0x030005a8                dead_
                0x030007e4                end_
                0x03000a20                lvl3_
                0x03000c5c                lvl2_
                0x03000e98                lvl1_
                0x030010d4                intro_
 .data          0x0300130e        0x3 /opt/devkitpro/libgba/lib/libgba.a(input.o)
 *fill*         0x03001311        0x3 ff
 .data.__sglue  0x03001314        0xc /opt/devkitpro/devkitARM/bin/../lib/gcc/arm-none-eabi/15.1.0/../../../../arm-none-eabi/lib/thumb/libc.a(libc_a-findfp.o)
                0x03001314                __sglue
 .data.__malloc_sbrk_base
                0x03001320        0x4 /opt/devkitpro/devkitARM/bin/../lib/gcc/arm-none-eabi/15.1.0/../../../../arm-none-eabi/lib/thumb/libc.a(libc_a-mallocr.o)
                0x03001320                __malloc_sbrk_base
 .data.__malloc_trim_threshold
                0x03001324        0x4 /opt/devkitpro/devkitARM/bin/../lib/gcc/arm-none-eabi/15.1.0/../../../../arm-none-eabi/lib/thumb/libc.a(libc_a-mallocr.o)
                0x03001324                __malloc_trim_threshold
 .data.__malloc_av_
                0x03001328      0x408 /opt/devkitpro/devkitARM/bin/../lib/gcc/arm-none-eabi/15.1.0/../../../../arm-none-eabi/lib/thumb/libc.a(libc_a-mallocr.o)
                0x03001328                __malloc_av_
 .data._impure_ptr
                0x03001730        0x4 /opt/devkitpro/devkitARM/bin/../lib/gcc/arm-none-eabi/15.1.0/../../../../arm-none-eabi/lib/thumb/libc.a(libc_a-impure.o)
                0x03001730                _impure_ptr
 *fill*         0x03001734        0x4 ff
 .data._impure_data
                0x03001738      0x140 /opt/devkitpro/devkitARM/bin/../lib/gcc/arm-none-eabi/15.1.0/../../../../arm-none-eabi/lib/thumb/libc.a(libc_a-impure.o)
                0x03001738                _impure_data
 .data.__global_locale
                0x03001878      0x16c /opt/devkitpro/devkitARM/bin/../lib/gcc/arm-none-eabi/15.1.0/../../../../arm-none-eabi/lib/thumb/libc.a(libc_a-locale.o)
                0x03001878                __global_locale
 *fill*         0x030019e4        0x4 ff
 .data.handles  0x030019e8     0x1000 /opt/devkitpro/devkitARM/bin/../lib/gcc/arm-none-eabi/15.1.0/../../../../arm-none-eabi/lib/thumb/libsysbase.a(libsysbase_libsysbase_a-handle_manager.o)
 .data.__stderr_handle
                0x030029e8        0xc /opt/devkitpro/devkitARM/bin/../lib/gcc/arm-none-eabi/15.1.0/../../../../arm-none-eabi/lib/thumb/libsysbase.a(libsysbase_libsysbase_a-handle_manager.o)
 .data.__stdout_handle
                0x030029f4        0xc /opt/devkitpro/devkitARM/bin/../lib/gcc/arm-none-eabi/15.1.0/../../../../arm-none-eabi/lib/thumb/libsysbase.a(libsysbase_libsysbase_a-handle_manager.o)
 .data.__stdin_handle
                0x03002a00        0xc /opt/devkitpro/devkitARM/bin/../lib/gcc/arm-none-eabi/15.1.0/../../../../arm-none-eabi/lib/thumb/libsysbase.a(libsysbase_libsysbase_a-handle_manager.o)
 .data.devoptab_list
                0x03002a0c       0x8c /opt/devkitpro/devkitARM/bin/../lib/gcc/arm-none-eabi/15.1.0/../../../../arm-none-eabi/lib/thumb/libsysbase.a(libsysbase_libsysbase_a-iosupport.o)
                0x03002a0c                devoptab_list
 *(.gnu.linkonce.d*)
                0x03002a98                        . = ALIGN (0x4)
                0x0800e964                        __preinit_lma = (__data_lma + SIZEOF (.data))

.igot.plt       0x03002a98        0x0 load address 0x0800e964
 .igot.plt      0x03002a98        0x0 /opt/devkitpro/devkitARM/bin/../lib/gcc/arm-none-eabi/15.1.0/../../../../arm-none-eabi/lib/thumb/gba_crt0.o

.preinit_array  0x03002a98        0x0 load address 0x0800e964
                0x03002a98                        __preinit_array_start = ABSOLUTE (.)
 *(.preinit_array)
                0x03002a98                        __preinit_array_end = ABSOLUTE (.)
                0x0800e964                        __init_lma = (__preinit_lma + SIZEOF (.preinit_array))

.init_array     0x03002a98        0x4 load address 0x0800e964
                0x03002a98                        __init_array_start = ABSOLUTE (.)
 *(SORT_BY_NAME(.init_array.*))
 *(.init_array)
 .init_array    0x03002a98        0x4 /opt/devkitpro/devkitARM/bin/../lib/gcc/arm-none-eabi/15.1.0/thumb/crtbegin.o
                0x03002a9c                        __init_array_end = ABSOLUTE (.)
                0x0800e968                        __fini_lma = (__init_lma + SIZEOF (.init_array))

.fini_array     0x03002a9c        0x4 load address 0x0800e968
                0x03002a9c                        __fini_array_start = ABSOLUTE (.)
 *(SORT_BY_NAME(.fini_array.*))
 *(.fini_array)
 .fini_array    0x03002a9c        0x4 /opt/devkitpro/devkitARM/bin/../lib/gcc/arm-none-eabi/15.1.0/thumb/crtbegin.o
                0x03002aa0                        __fini_array_end = ABSOLUTE (.)
                0x0800e96c                        __jcr_lma = (__fini_lma + SIZEOF (.fini_array))

.jcr
 *(.jcr)
                0x03002aa0                        __data_end__ = ABSOLUTE (.)
                0x0800e96c                        __iwram_overlay_lma = (__jcr_lma + SIZEOF (.jcr))
                0x03002aa0                        __iwram_overlay_start = .

.iwram0         0x03002aa0        0x0 load address 0x0800e96c
 *(.iwram0)
                0x03002aa0                        . = ALIGN (0x4)
                0x0800e96c                        PROVIDE (__load_start_iwram0 = LOADADDR (.iwram0))
                0x0800e96c                        PROVIDE (__load_stop_iwram0 = (LOADADDR (.iwram0) + SIZEOF (.iwram0)))

.iwram1         0x03002aa0        0x0
 *(.iwram1)
                0x03002aa0                        . = ALIGN (0x4)
                [!provide]                        PROVIDE (__load_start_iwram1 = LOADADDR (.iwram1))
                [!provide]                        PROVIDE (__load_stop_iwram1 = (LOADADDR (.iwram1) + SIZEOF (.iwram1)))

.iwram2         0x03002aa0        0x0
 *(.iwram2)
                0x03002aa0                        . = ALIGN (0x4)
                [!provide]                        PROVIDE (__load_start_iwram2 = LOADADDR (.iwram2))
                [!provide]                        PROVIDE (__load_stop_iwram2 = (LOADADDR (.iwram2) + SIZEOF (.iwram2)))

.iwram3         0x03002aa0        0x0
 *(.iwram3)
                0x03002aa0                        . = ALIGN (0x4)
                [!provide]                        PROVIDE (__load_start_iwram3 = LOADADDR (.iwram3))
                [!provide]                        PROVIDE (__load_stop_iwram3 = (LOADADDR (.iwram3) + SIZEOF (.iwram3)))

.iwram4         0x03002aa0        0x0
 *(.iwram4)
                0x03002aa0                        . = ALIGN (0x4)
                [!provide]                        PROVIDE (__load_start_iwram4 = LOADADDR (.iwram4))
                [!provide]                        PROVIDE (__load_stop_iwram4 = (LOADADDR (.iwram4) + SIZEOF (.iwram4)))

.iwram5         0x03002aa0        0x0
 *(.iwram5)
                0x03002aa0                        . = ALIGN (0x4)
                [!provide]                        PROVIDE (__load_start_iwram5 = LOADADDR (.iwram5))
                [!provide]                        PROVIDE (__load_stop_iwram5 = (LOADADDR (.iwram5) + SIZEOF (.iwram5)))

.iwram6         0x03002aa0        0x0
 *(.iwram6)
                0x03002aa0                        . = ALIGN (0x4)
                [!provide]                        PROVIDE (__load_start_iwram6 = LOADADDR (.iwram6))
                [!provide]                        PROVIDE (__load_stop_iwram6 = (LOADADDR (.iwram6) + SIZEOF (.iwram6)))

.iwram7         0x03002aa0        0x0
 *(.iwram7)
                0x03002aa0                        . = ALIGN (0x4)
                [!provide]                        PROVIDE (__load_start_iwram7 = LOADADDR (.iwram7))
                [!provide]                        PROVIDE (__load_stop_iwram7 = (LOADADDR (.iwram7) + SIZEOF (.iwram7)))

.iwram8         0x03002aa0        0x0
 *(.iwram8)
                0x03002aa0                        . = ALIGN (0x4)
                [!provide]                        PROVIDE (__load_start_iwram8 = LOADADDR (.iwram8))
                [!provide]                        PROVIDE (__load_stop_iwram8 = (LOADADDR (.iwram8) + SIZEOF (.iwram8)))

.iwram9         0x03002aa0        0x0
 *(.iwram9)
                0x03002aa0                        . = ALIGN (0x4)
                [!provide]                        PROVIDE (__load_start_iwram9 = LOADADDR (.iwram9))
                [!provide]                        PROVIDE (__load_stop_iwram9 = (LOADADDR (.iwram9) + SIZEOF (.iwram9)))
                0x03002aa0                        __iwram_overlay_end = .
                0x0800e96c                        __ewram_lma = (__iwram_overlay_lma + (__iwram_overlay_end - __iwram_overlay_start))
                0x03002aa0                        __iheap_start = .
                0x02000000                        __ewram_start = ORIGIN (ewram)

.ewram          0x02000000        0x0 load address 0x0800e96c
 *(.ewram*)
                0x02000000                        . = ALIGN (0x4)
                0x02000000                        __ewram_end = ABSOLUTE (.)
                0x0800e96c                        __pad_lma = (__ewram_lma + SIZEOF (.ewram))

.sbss           0x02000000        0x0
                0x02000000                        __sbss_start__ = ABSOLUTE (.)
 *(.sbss*)
                0x02000000                        . = ALIGN (0x4)
                0x02000000                        __sbss_end__ = ABSOLUTE (.)
                0x02000000                        __end__ = ABSOLUTE (.)
                0x02000000                        __eheap_start = ABSOLUTE (.)

.pad            0x02000000        0x8 load address 0x0800e96c
                0x02000000        0x4 LONG 0x52416b64
                0x02000004        0x4 LONG 0x4d
                0x02000008                        . = ALIGN (0x4)
                0x0800e974                        __rom_end__ = (__pad_lma + SIZEOF (.pad))

.rel.dyn        0x02000008        0x0 load address 0x0800e974
 .rel.iplt      0x02000008        0x0 /opt/devkitpro/devkitARM/bin/../lib/gcc/arm-none-eabi/15.1.0/../../../../arm-none-eabi/lib/thumb/gba_crt0.o

.stab
 *(.stab)

.stabstr
 *(.stabstr)

.stab.excl
 *(.stab.excl)

.stab.exclstr
 *(.stab.exclstr)

.stab.index
 *(.stab.index)

.stab.indexstr
 *(.stab.indexstr)

.comment        0x00000000       0x46
 *(.comment)
 .comment       0x00000000       0x46 /opt/devkitpro/devkitARM/bin/../lib/gcc/arm-none-eabi/15.1.0/thumb/crtbegin.o
                                 0x24 (size before relaxing)
 .comment       0x00000046       0x24 game.o
 .comment       0x00000046       0x24 /opt/devkitpro/libgba/lib/libgba.a(console.o)
 .comment       0x00000046       0x24 /opt/devkitpro/libgba/lib/libgba.a(CpuSet.o)
 .comment       0x00000046       0x24 /opt/devkitpro/libgba/lib/libgba.a(input.o)
 .comment       0x00000046       0x24 /opt/devkitpro/libgba/lib/libgba.a(interrupt.o)
 .comment       0x00000046       0x24 /opt/devkitpro/devkitARM/bin/../lib/gcc/arm-none-eabi/15.1.0/../../../../arm-none-eabi/lib/thumb/libc.a(libc_a-init.o)
 .comment       0x00000046       0x24 /opt/devkitpro/devkitARM/bin/../lib/gcc/arm-none-eabi/15.1.0/../../../../arm-none-eabi/lib/thumb/libc.a(libc_a-siscanf.o)
 .comment       0x00000046       0x24 /opt/devkitpro/devkitARM/bin/../lib/gcc/arm-none-eabi/15.1.0/../../../../arm-none-eabi/lib/thumb/libc.a(libc_a-setvbuf.o)
 .comment       0x00000046       0x24 /opt/devkitpro/devkitARM/bin/../lib/gcc/arm-none-eabi/15.1.0/../../../../arm-none-eabi/lib/thumb/libc.a(libc_a-iprintf.o)
 .comment       0x00000046       0x24 /opt/devkitpro/devkitARM/bin/../lib/gcc/arm-none-eabi/15.1.0/../../../../arm-none-eabi/lib/thumb/libc.a(libc_a-stdio.o)
 .comment       0x00000046       0x24 /opt/devkitpro/devkitARM/bin/../lib/gcc/arm-none-eabi/15.1.0/../../../../arm-none-eabi/lib/thumb/libc.a(libc_a-vfiprintf.o)
 .comment       0x00000046       0x24 /opt/devkitpro/devkitARM/bin/../lib/gcc/arm-none-eabi/15.1.0/../../../../arm-none-eabi/lib/thumb/libc.a(libc_a-strlen.o)
 .comment       0x00000046       0x24 /opt/devkitpro/devkitARM/bin/../lib/gcc/arm-none-eabi/15.1.0/../../../../arm-none-eabi/lib/thumb/libc.a(libc_a-svfiscanf.o)
 .comment       0x00000046       0x24 /opt/devkitpro/devkitARM/bin/../lib/gcc/arm-none-eabi/15.1.0/../../../../arm-none-eabi/lib/thumb/libc.a(libc_a-findfp.o)
 .comment       0x00000046       0x24 /opt/devkitpro/devkitARM/bin/../lib/gcc/arm-none-eabi/15.1.0/../../../../arm-none-eabi/lib/thumb/libc.a(libc_a-strtoul.o)
 .comment       0x00000046       0x24 /opt/devkitpro/devkitARM/bin/../lib/gcc/arm-none-eabi/15.1.0/../../../../arm-none-eabi/lib/thumb/libc.a(libc_a-fwalk.o)
 .comment       0x00000046       0x24 /opt/devkitpro/devkitARM/bin/../lib/gcc/arm-none-eabi/15.1.0/../../../../arm-none-eabi/lib/thumb/libc.a(libc_a-sprint_r.o)
 .comment       0x00000046       0x24 /opt/devkitpro/devkitARM/bin/../lib/gcc/arm-none-eabi/15.1.0/../../../../arm-none-eabi/lib/thumb/libc.a(libc_a-iswspace.o)
 .comment       0x00000046       0x24 /opt/devkitpro/devkitARM/bin/../lib/gcc/arm-none-eabi/15.1.0/../../../../arm-none-eabi/lib/thumb/libc.a(libc_a-localeconv.o)
 .comment       0x00000046       0x24 /opt/devkitpro/devkitARM/bin/../lib/gcc/arm-none-eabi/15.1.0/../../../../arm-none-eabi/lib/thumb/libc.a(libc_a-realloc.o)
 .comment       0x00000046       0x24 /opt/devkitpro/devkitARM/bin/../lib/gcc/arm-none-eabi/15.1.0/../../../../arm-none-eabi/lib/thumb/libc.a(libc_a-mallocr.o)
 .comment       0x00000046       0x24 /opt/devkitpro/devkitARM/bin/../lib/gcc/arm-none-eabi/15.1.0/../../../../arm-none-eabi/lib/thumb/libc.a(libc_a-memchr-stub.o)
 .comment       0x00000046       0x24 /opt/devkitpro/devkitARM/bin/../lib/gcc/arm-none-eabi/15.1.0/../../../../arm-none-eabi/lib/thumb/libc.a(libc_a-wcrtomb.o)
 .comment       0x00000046       0x24 /opt/devkitpro/devkitARM/bin/../lib/gcc/arm-none-eabi/15.1.0/../../../../arm-none-eabi/lib/thumb/libc.a(libc_a-freer.o)
 .comment       0x00000046       0x24 /opt/devkitpro/devkitARM/bin/../lib/gcc/arm-none-eabi/15.1.0/../../../../arm-none-eabi/lib/thumb/libc.a(libc_a-strtol.o)
 .comment       0x00000046       0x24 /opt/devkitpro/devkitARM/bin/../lib/gcc/arm-none-eabi/15.1.0/../../../../arm-none-eabi/lib/thumb/libc.a(libc_a-malloc.o)
 .comment       0x00000046       0x24 /opt/devkitpro/devkitARM/bin/../lib/gcc/arm-none-eabi/15.1.0/../../../../arm-none-eabi/lib/thumb/libc.a(libc_a-sccl.o)
 .comment       0x00000046       0x24 /opt/devkitpro/devkitARM/bin/../lib/gcc/arm-none-eabi/15.1.0/../../../../arm-none-eabi/lib/thumb/libc.a(libc_a-fflush.o)
 .comment       0x00000046       0x24 /opt/devkitpro/devkitARM/bin/../lib/gcc/arm-none-eabi/15.1.0/../../../../arm-none-eabi/lib/thumb/libc.a(libc_a-ctype_.o)
 .comment       0x00000046       0x24 /opt/devkitpro/devkitARM/bin/../lib/gcc/arm-none-eabi/15.1.0/../../../../arm-none-eabi/lib/thumb/libc.a(libc_a-makebuf.o)
 .comment       0x00000046       0x24 /opt/devkitpro/devkitARM/bin/../lib/gcc/arm-none-eabi/15.1.0/../../../../arm-none-eabi/lib/thumb/libc.a(libc_a-memset.o)
 .comment       0x00000046       0x24 /opt/devkitpro/devkitARM/bin/../lib/gcc/arm-none-eabi/15.1.0/../../../../arm-none-eabi/lib/thumb/libc.a(libc_a-reallocr.o)
 .comment       0x00000046       0x24 /opt/devkitpro/devkitARM/bin/../lib/gcc/arm-none-eabi/15.1.0/../../../../arm-none-eabi/lib/thumb/libc.a(libc_a-impure.o)
 .comment       0x00000046       0x24 /opt/devkitpro/devkitARM/bin/../lib/gcc/arm-none-eabi/15.1.0/../../../../arm-none-eabi/lib/thumb/libc.a(libc_a-mlock.o)
 .comment       0x00000046       0x24 /opt/devkitpro/devkitARM/bin/../lib/gcc/arm-none-eabi/15.1.0/../../../../arm-none-eabi/lib/thumb/libc.a(libc_a-strncpy.o)
 .comment       0x00000046       0x24 /opt/devkitpro/devkitARM/bin/../lib/gcc/arm-none-eabi/15.1.0/../../../../arm-none-eabi/lib/thumb/libc.a(libc_a-strtoull.o)
 .comment       0x00000046       0x24 /opt/devkitpro/devkitARM/bin/../lib/gcc/arm-none-eabi/15.1.0/../../../../arm-none-eabi/lib/thumb/libc.a(libc_a-memcpy-stub.o)
 .comment       0x00000046       0x24 /opt/devkitpro/devkitARM/bin/../lib/gcc/arm-none-eabi/15.1.0/../../../../arm-none-eabi/lib/thumb/libc.a(libc_a-wcsrtombs.o)
 .comment       0x00000046       0x24 /opt/devkitpro/devkitARM/bin/../lib/gcc/arm-none-eabi/15.1.0/../../../../arm-none-eabi/lib/thumb/libc.a(libc_a-svfiprintf.o)
 .comment       0x00000046       0x24 /opt/devkitpro/devkitARM/bin/../lib/gcc/arm-none-eabi/15.1.0/../../../../arm-none-eabi/lib/thumb/libc.a(libc_a-mbrtowc.o)
 .comment       0x00000046       0x24 /opt/devkitpro/devkitARM/bin/../lib/gcc/arm-none-eabi/15.1.0/../../../../arm-none-eabi/lib/thumb/libc.a(libc_a-wsetup.o)
 .comment       0x00000046       0x24 /opt/devkitpro/devkitARM/bin/../lib/gcc/arm-none-eabi/15.1.0/../../../../arm-none-eabi/lib/thumb/libc.a(libc_a-fvwrite.o)
 .comment       0x00000046       0x24 /opt/devkitpro/devkitARM/bin/../lib/gcc/arm-none-eabi/15.1.0/../../../../arm-none-eabi/lib/thumb/libc.a(libc_a-memmove.o)
 .comment       0x00000046       0x24 /opt/devkitpro/devkitARM/bin/../lib/gcc/arm-none-eabi/15.1.0/../../../../arm-none-eabi/lib/thumb/libc.a(libc_a-iswspace_l.o)
 .comment       0x00000046       0x24 /opt/devkitpro/devkitARM/bin/../lib/gcc/arm-none-eabi/15.1.0/../../../../arm-none-eabi/lib/thumb/libc.a(libc_a-fclose.o)
 .comment       0x00000046       0x24 /opt/devkitpro/devkitARM/bin/../lib/gcc/arm-none-eabi/15.1.0/../../../../arm-none-eabi/lib/thumb/libc.a(libc_a-strtoll.o)
 .comment       0x00000046       0x24 /opt/devkitpro/devkitARM/bin/../lib/gcc/arm-none-eabi/15.1.0/../../../../arm-none-eabi/lib/thumb/libc.a(libc_a-locale.o)
 .comment       0x00000046       0x24 /opt/devkitpro/devkitARM/bin/../lib/gcc/arm-none-eabi/15.1.0/../../../../arm-none-eabi/lib/thumb/libc.a(libc_a-ungetc.o)
 .comment       0x00000046       0x24 /opt/devkitpro/devkitARM/bin/../lib/gcc/arm-none-eabi/15.1.0/../../../../arm-none-eabi/lib/thumb/libc.a(libc_a-malignr.o)
 .comment       0x00000046       0x24 /opt/devkitpro/devkitARM/bin/../lib/gcc/arm-none-eabi/15.1.0/../../../../arm-none-eabi/lib/thumb/libc.a(libc_a-wcsnrtombs.o)
 .comment       0x00000046       0x24 /opt/devkitpro/devkitARM/bin/../lib/gcc/arm-none-eabi/15.1.0/../../../../arm-none-eabi/lib/thumb/libc.a(libc_a-mbtowc_r.o)
 .comment       0x00000046       0x24 /opt/devkitpro/devkitARM/bin/../lib/gcc/arm-none-eabi/15.1.0/../../../../arm-none-eabi/lib/thumb/libc.a(libc_a-errno.o)
 .comment       0x00000046       0x24 /opt/devkitpro/devkitARM/bin/../lib/gcc/arm-none-eabi/15.1.0/../../../../arm-none-eabi/lib/thumb/libc.a(libc_a-categories.o)
 .comment       0x00000046       0x24 /opt/devkitpro/devkitARM/bin/../lib/gcc/arm-none-eabi/15.1.0/../../../../arm-none-eabi/lib/thumb/libc.a(libc_a-wctomb_r.o)
 .comment       0x00000046       0x24 /opt/devkitpro/devkitARM/bin/../lib/gcc/arm-none-eabi/15.1.0/../../../../arm-none-eabi/lib/thumb/libsysbase.a(libsysbase_libsysbase_a-fstat.o)
 .comment       0x00000046       0x24 /opt/devkitpro/devkitARM/bin/../lib/gcc/arm-none-eabi/15.1.0/../../../../arm-none-eabi/lib/thumb/libsysbase.a(libsysbase_libsysbase_a-getreent.o)
 .comment       0x00000046       0x24 /opt/devkitpro/devkitARM/bin/../lib/gcc/arm-none-eabi/15.1.0/../../../../arm-none-eabi/lib/thumb/libsysbase.a(libsysbase_libsysbase_a-handle_manager.o)
 .comment       0x00000046       0x24 /opt/devkitpro/devkitARM/bin/../lib/gcc/arm-none-eabi/15.1.0/../../../../arm-none-eabi/lib/thumb/libsysbase.a(libsysbase_libsysbase_a-iosupport.o)
 .comment       0x00000046       0x24 /opt/devkitpro/devkitARM/bin/../lib/gcc/arm-none-eabi/15.1.0/../../../../arm-none-eabi/lib/thumb/libsysbase.a(libsysbase_libsysbase_a-isatty.o)
 .comment       0x00000046       0x24 /opt/devkitpro/devkitARM/bin/../lib/gcc/arm-none-eabi/15.1.0/../../../../arm-none-eabi/lib/thumb/libsysbase.a(libsysbase_libsysbase_a-lseek.o)
 .comment       0x00000046       0x24 /opt/devkitpro/devkitARM/bin/../lib/gcc/arm-none-eabi/15.1.0/../../../../arm-none-eabi/lib/thumb/libsysbase.a(libsysbase_libsysbase_a-malloc_vars.o)
 .comment       0x00000046       0x24 /opt/devkitpro/devkitARM/bin/../lib/gcc/arm-none-eabi/15.1.0/../../../../arm-none-eabi/lib/thumb/libsysbase.a(libsysbase_libsysbase_a-read.o)
 .comment       0x00000046       0x24 /opt/devkitpro/devkitARM/bin/../lib/gcc/arm-none-eabi/15.1.0/../../../../arm-none-eabi/lib/thumb/libsysbase.a(libsysbase_libsysbase_a-sbrk.o)
 .comment       0x00000046       0x24 /opt/devkitpro/devkitARM/bin/../lib/gcc/arm-none-eabi/15.1.0/../../../../arm-none-eabi/lib/thumb/libsysbase.a(libsysbase_libsysbase_a-syscall_support.o)
 .comment       0x00000046       0x24 /opt/devkitpro/devkitARM/bin/../lib/gcc/arm-none-eabi/15.1.0/../../../../arm-none-eabi/lib/thumb/libsysbase.a(libsysbase_libsysbase_a-write.o)
 .comment       0x00000046       0x24 /opt/devkitpro/devkitARM/bin/../lib/gcc/arm-none-eabi/15.1.0/thumb/libgcc.a(_muldi3.o)
 .comment       0x00000046       0x24 /opt/devkitpro/devkitARM/bin/../lib/gcc/arm-none-eabi/15.1.0/thumb/libgcc.a(_udivmoddi4.o)
 .comment       0x00000046       0x24 /opt/devkitpro/devkitARM/bin/../lib/gcc/arm-none-eabi/15.1.0/thumb/crtend.o

.debug
 *(.debug)

.line
 *(.line)

.debug_srcinfo
 *(.debug_srcinfo)

.debug_sfnames
 *(.debug_sfnames)

.debug_aranges  0x00000000       0xa0
 *(.debug_aranges)
 .debug_aranges
                0x00000000       0x20 /opt/devkitpro/libgba/lib/libgba.a(console.o)
 .debug_aranges
                0x00000020       0x20 /opt/devkitpro/libgba/lib/libgba.a(CpuSet.o)
 .debug_aranges
                0x00000040       0x20 /opt/devkitpro/libgba/lib/libgba.a(input.o)
 .debug_aranges
                0x00000060       0x20 /opt/devkitpro/libgba/lib/libgba.a(interrupt.o)
 .debug_aranges
                0x00000080       0x20 /opt/devkitpro/libgba/lib/libgba.a(InterruptDispatcher.o)

.debug_pubnames
 *(.debug_pubnames)

.debug_info     0x00000000     0x2339
 *(.debug_info)
 .debug_info    0x00000000     0x1b80 /opt/devkitpro/libgba/lib/libgba.a(console.o)
 .debug_info    0x00001b80      0x136 /opt/devkitpro/libgba/lib/libgba.a(CpuSet.o)
 .debug_info    0x00001cb6      0x246 /opt/devkitpro/libgba/lib/libgba.a(input.o)
 .debug_info    0x00001efc      0x418 /opt/devkitpro/libgba/lib/libgba.a(interrupt.o)
 .debug_info    0x00002314       0x25 /opt/devkitpro/libgba/lib/libgba.a(InterruptDispatcher.o)

.debug_abbrev   0x00000000      0x94d
 *(.debug_abbrev)
 .debug_abbrev  0x00000000      0x547 /opt/devkitpro/libgba/lib/libgba.a(console.o)
 .debug_abbrev  0x00000547       0xa6 /opt/devkitpro/libgba/lib/libgba.a(CpuSet.o)
 .debug_abbrev  0x000005ed      0x12d /opt/devkitpro/libgba/lib/libgba.a(input.o)
 .debug_abbrev  0x0000071a      0x21f /opt/devkitpro/libgba/lib/libgba.a(interrupt.o)
 .debug_abbrev  0x00000939       0x14 /opt/devkitpro/libgba/lib/libgba.a(InterruptDispatcher.o)

.debug_line     0x00000000     0x19c8
 *(.debug_line)
 .debug_line    0x00000000      0xbc3 /opt/devkitpro/libgba/lib/libgba.a(console.o)
 .debug_line    0x00000bc3      0x17e /opt/devkitpro/libgba/lib/libgba.a(CpuSet.o)
 .debug_line    0x00000d41      0x2bf /opt/devkitpro/libgba/lib/libgba.a(input.o)
 .debug_line    0x00001000      0x950 /opt/devkitpro/libgba/lib/libgba.a(interrupt.o)
 .debug_line    0x00001950       0x78 /opt/devkitpro/libgba/lib/libgba.a(InterruptDispatcher.o)

.debug_frame    0x00000000      0x258
 *(.debug_frame)
 .debug_frame   0x00000000       0xf8 /opt/devkitpro/libgba/lib/libgba.a(console.o)
 .debug_frame   0x000000f8       0x30 /opt/devkitpro/libgba/lib/libgba.a(CpuSet.o)
 .debug_frame   0x00000128       0x80 /opt/devkitpro/libgba/lib/libgba.a(input.o)
 .debug_frame   0x000001a8       0xb0 /opt/devkitpro/libgba/lib/libgba.a(interrupt.o)

.debug_str      0x00000000      0xe11
 *(.debug_str)
 .debug_str     0x00000000      0xe11 /opt/devkitpro/libgba/lib/libgba.a(console.o)
                                0xbe5 (size before relaxing)
 .debug_str     0x00000e11      0x1a9 /opt/devkitpro/libgba/lib/libgba.a(CpuSet.o)
 .debug_str     0x00000e11      0x236 /opt/devkitpro/libgba/lib/libgba.a(input.o)
 .debug_str     0x00000e11      0x334 /opt/devkitpro/libgba/lib/libgba.a(interrupt.o)
 .debug_str     0x00000e11       0xba /opt/devkitpro/libgba/lib/libgba.a(InterruptDispatcher.o)

.debug_loc
 *(.debug_loc)

.debug_macinfo
 *(.debug_macinfo)

.debug_weaknames
 *(.debug_weaknames)

.debug_funcnames
 *(.debug_funcnames)

.debug_typenames
 *(.debug_typenames)

.debug_varnames
 *(.debug_varnames)

.stack          0x00080000        0x0
                0x00080000                        _stack = .
 *(.stack)

.note.gnu.arm.ident
 *(.note.gnu.arm.ident)

.ARM.attributes
                0x00000000       0x2c
 *(.ARM.attributes)
 .ARM.attributes
                0x00000000       0x20 /opt/devkitpro/devkitARM/bin/../lib/gcc/arm-none-eabi/15.1.0/../../../../arm-none-eabi/lib/thumb/gba_crt0.o
 .ARM.attributes
                0x00000020       0x1c /opt/devkitpro/devkitARM/bin/../lib/gcc/arm-none-eabi/15.1.0/thumb/crti.o
 .ARM.attributes
                0x0000003c       0x2a /opt/devkitpro/devkitARM/bin/../lib/gcc/arm-none-eabi/15.1.0/thumb/crtbegin.o
 .ARM.attributes
                0x00000066       0x2a game.o
 .ARM.attributes
                0x00000090       0x2a /opt/devkitpro/libgba/lib/libgba.a(console.o)
 .ARM.attributes
                0x000000ba       0x2a /opt/devkitpro/libgba/lib/libgba.a(CpuSet.o)
 .ARM.attributes
                0x000000e4       0x2a /opt/devkitpro/libgba/lib/libgba.a(input.o)
 .ARM.attributes
                0x0000010e       0x2a /opt/devkitpro/libgba/lib/libgba.a(interrupt.o)
 .ARM.attributes
                0x00000138       0x1a /opt/devkitpro/libgba/lib/libgba.a(InterruptDispatcher.o)
 .ARM.attributes
                0x00000152       0x1a /opt/devkitpro/libgba/lib/libgba.a(amiga.fnt.o)
 .ARM.attributes
                0x0000016c       0x1c /opt/devkitpro/devkitARM/bin/../lib/gcc/arm-none-eabi/15.1.0/thumb/libgcc.a(_sync_none.o)
 .ARM.attributes
                0x00000188       0x2a /opt/devkitpro/devkitARM/bin/../lib/gcc/arm-none-eabi/15.1.0/../../../../arm-none-eabi/lib/thumb/libc.a(libc_a-init.o)
 .ARM.attributes
                0x000001b2       0x2a /opt/devkitpro/devkitARM/bin/../lib/gcc/arm-none-eabi/15.1.0/../../../../arm-none-eabi/lib/thumb/libc.a(libc_a-siscanf.o)
 .ARM.attributes
                0x000001dc       0x2a /opt/devkitpro/devkitARM/bin/../lib/gcc/arm-none-eabi/15.1.0/../../../../arm-none-eabi/lib/thumb/libc.a(libc_a-setvbuf.o)
 .ARM.attributes
                0x00000206       0x2a /opt/devkitpro/devkitARM/bin/../lib/gcc/arm-none-eabi/15.1.0/../../../../arm-none-eabi/lib/thumb/libc.a(libc_a-iprintf.o)
 .ARM.attributes
                0x00000230       0x2a /opt/devkitpro/devkitARM/bin/../lib/gcc/arm-none-eabi/15.1.0/../../../../arm-none-eabi/lib/thumb/libc.a(libc_a-stdio.o)
 .ARM.attributes
                0x0000025a       0x2a /opt/devkitpro/devkitARM/bin/../lib/gcc/arm-none-eabi/15.1.0/../../../../arm-none-eabi/lib/thumb/libc.a(libc_a-vfiprintf.o)
 .ARM.attributes
                0x00000284       0x2a /opt/devkitpro/devkitARM/bin/../lib/gcc/arm-none-eabi/15.1.0/../../../../arm-none-eabi/lib/thumb/libc.a(libc_a-strlen.o)
 .ARM.attributes
                0x000002ae       0x2a /opt/devkitpro/devkitARM/bin/../lib/gcc/arm-none-eabi/15.1.0/../../../../arm-none-eabi/lib/thumb/libc.a(libc_a-svfiscanf.o)
 .ARM.attributes
                0x000002d8       0x2a /opt/devkitpro/devkitARM/bin/../lib/gcc/arm-none-eabi/15.1.0/../../../../arm-none-eabi/lib/thumb/libc.a(libc_a-findfp.o)
 .ARM.attributes
                0x00000302       0x2a /opt/devkitpro/devkitARM/bin/../lib/gcc/arm-none-eabi/15.1.0/../../../../arm-none-eabi/lib/thumb/libc.a(libc_a-strtoul.o)
 .ARM.attributes
                0x0000032c       0x2a /opt/devkitpro/devkitARM/bin/../lib/gcc/arm-none-eabi/15.1.0/../../../../arm-none-eabi/lib/thumb/libc.a(libc_a-fwalk.o)
 .ARM.attributes
                0x00000356       0x2a /opt/devkitpro/devkitARM/bin/../lib/gcc/arm-none-eabi/15.1.0/../../../../arm-none-eabi/lib/thumb/libc.a(libc_a-sprint_r.o)
 .ARM.attributes
                0x00000380       0x2a /opt/devkitpro/devkitARM/bin/../lib/gcc/arm-none-eabi/15.1.0/../../../../arm-none-eabi/lib/thumb/libc.a(libc_a-iswspace.o)
 .ARM.attributes
                0x000003aa       0x2a /opt/devkitpro/devkitARM/bin/../lib/gcc/arm-none-eabi/15.1.0/../../../../arm-none-eabi/lib/thumb/libc.a(libc_a-localeconv.o)
 .ARM.attributes
                0x000003d4       0x2a /opt/devkitpro/devkitARM/bin/../lib/gcc/arm-none-eabi/15.1.0/../../../../arm-none-eabi/lib/thumb/libc.a(libc_a-realloc.o)
 .ARM.attributes
                0x000003fe       0x2a /opt/devkitpro/devkitARM/bin/../lib/gcc/arm-none-eabi/15.1.0/../../../../arm-none-eabi/lib/thumb/libc.a(libc_a-mallocr.o)
 .ARM.attributes
                0x00000428       0x2a /opt/devkitpro/devkitARM/bin/../lib/gcc/arm-none-eabi/15.1.0/../../../../arm-none-eabi/lib/thumb/libc.a(libc_a-memchr-stub.o)
 .ARM.attributes
                0x00000452       0x2a /opt/devkitpro/devkitARM/bin/../lib/gcc/arm-none-eabi/15.1.0/../../../../arm-none-eabi/lib/thumb/libc.a(libc_a-wcrtomb.o)
 .ARM.attributes
                0x0000047c       0x2a /opt/devkitpro/devkitARM/bin/../lib/gcc/arm-none-eabi/15.1.0/../../../../arm-none-eabi/lib/thumb/libc.a(libc_a-freer.o)
 .ARM.attributes
                0x000004a6       0x2a /opt/devkitpro/devkitARM/bin/../lib/gcc/arm-none-eabi/15.1.0/../../../../arm-none-eabi/lib/thumb/libc.a(libc_a-strtol.o)
 .ARM.attributes
                0x000004d0       0x2a /opt/devkitpro/devkitARM/bin/../lib/gcc/arm-none-eabi/15.1.0/../../../../arm-none-eabi/lib/thumb/libc.a(libc_a-malloc.o)
 .ARM.attributes
                0x000004fa       0x2a /opt/devkitpro/devkitARM/bin/../lib/gcc/arm-none-eabi/15.1.0/../../../../arm-none-eabi/lib/thumb/libc.a(libc_a-sccl.o)
 .ARM.attributes
                0x00000524       0x2a /opt/devkitpro/devkitARM/bin/../lib/gcc/arm-none-eabi/15.1.0/../../../../arm-none-eabi/lib/thumb/libc.a(libc_a-fflush.o)
 .ARM.attributes
                0x0000054e       0x2a /opt/devkitpro/devkitARM/bin/../lib/gcc/arm-none-eabi/15.1.0/../../../../arm-none-eabi/lib/thumb/libc.a(libc_a-ctype_.o)
 .ARM.attributes
                0x00000578       0x2a /opt/devkitpro/devkitARM/bin/../lib/gcc/arm-none-eabi/15.1.0/../../../../arm-none-eabi/lib/thumb/libc.a(libc_a-makebuf.o)
 .ARM.attributes
                0x000005a2       0x2a /opt/devkitpro/devkitARM/bin/../lib/gcc/arm-none-eabi/15.1.0/../../../../arm-none-eabi/lib/thumb/libc.a(libc_a-memset.o)
 .ARM.attributes
                0x000005cc       0x2a /opt/devkitpro/devkitARM/bin/../lib/gcc/arm-none-eabi/15.1.0/../../../../arm-none-eabi/lib/thumb/libc.a(libc_a-reallocr.o)
 .ARM.attributes
                0x000005f6       0x2a /opt/devkitpro/devkitARM/bin/../lib/gcc/arm-none-eabi/15.1.0/../../../../arm-none-eabi/lib/thumb/libc.a(libc_a-impure.o)
 .ARM.attributes
                0x00000620       0x2a /opt/devkitpro/devkitARM/bin/../lib/gcc/arm-none-eabi/15.1.0/../../../../arm-none-eabi/lib/thumb/libc.a(libc_a-mlock.o)
 .ARM.attributes
                0x0000064a       0x2a /opt/devkitpro/devkitARM/bin/../lib/gcc/arm-none-eabi/15.1.0/../../../../arm-none-eabi/lib/thumb/libc.a(libc_a-strncpy.o)
 .ARM.attributes
                0x00000674       0x2a /opt/devkitpro/devkitARM/bin/../lib/gcc/arm-none-eabi/15.1.0/../../../../arm-none-eabi/lib/thumb/libc.a(libc_a-strtoull.o)
 .ARM.attributes
                0x0000069e       0x2a /opt/devkitpro/devkitARM/bin/../lib/gcc/arm-none-eabi/15.1.0/../../../../arm-none-eabi/lib/thumb/libc.a(libc_a-memcpy-stub.o)
 .ARM.attributes
                0x000006c8       0x2a /opt/devkitpro/devkitARM/bin/../lib/gcc/arm-none-eabi/15.1.0/../../../../arm-none-eabi/lib/thumb/libc.a(libc_a-wcsrtombs.o)
 .ARM.attributes
                0x000006f2       0x2a /opt/devkitpro/devkitARM/bin/../lib/gcc/arm-none-eabi/15.1.0/../../../../arm-none-eabi/lib/thumb/libc.a(libc_a-svfiprintf.o)
 .ARM.attributes
                0x0000071c       0x2a /opt/devkitpro/devkitARM/bin/../lib/gcc/arm-none-eabi/15.1.0/../../../../arm-none-eabi/lib/thumb/libc.a(libc_a-mbrtowc.o)
 .ARM.attributes
                0x00000746       0x2a /opt/devkitpro/devkitARM/bin/../lib/gcc/arm-none-eabi/15.1.0/../../../../arm-none-eabi/lib/thumb/libc.a(libc_a-wsetup.o)
 .ARM.attributes
                0x00000770       0x2a /opt/devkitpro/devkitARM/bin/../lib/gcc/arm-none-eabi/15.1.0/../../../../arm-none-eabi/lib/thumb/libc.a(libc_a-fvwrite.o)
 .ARM.attributes
                0x0000079a       0x2a /opt/devkitpro/devkitARM/bin/../lib/gcc/arm-none-eabi/15.1.0/../../../../arm-none-eabi/lib/thumb/libc.a(libc_a-memmove.o)
 .ARM.attributes
                0x000007c4       0x2a /opt/devkitpro/devkitARM/bin/../lib/gcc/arm-none-eabi/15.1.0/../../../../arm-none-eabi/lib/thumb/libc.a(libc_a-iswspace_l.o)
 .ARM.attributes
                0x000007ee       0x2a /opt/devkitpro/devkitARM/bin/../lib/gcc/arm-none-eabi/15.1.0/../../../../arm-none-eabi/lib/thumb/libc.a(libc_a-fclose.o)
 .ARM.attributes
                0x00000818       0x2a /opt/devkitpro/devkitARM/bin/../lib/gcc/arm-none-eabi/15.1.0/../../../../arm-none-eabi/lib/thumb/libc.a(libc_a-strtoll.o)
 .ARM.attributes
                0x00000842       0x2a /opt/devkitpro/devkitARM/bin/../lib/gcc/arm-none-eabi/15.1.0/../../../../arm-none-eabi/lib/thumb/libc.a(libc_a-locale.o)
 .ARM.attributes
                0x0000086c       0x2a /opt/devkitpro/devkitARM/bin/../lib/gcc/arm-none-eabi/15.1.0/../../../../arm-none-eabi/lib/thumb/libc.a(libc_a-ungetc.o)
 .ARM.attributes
                0x00000896       0x2a /opt/devkitpro/devkitARM/bin/../lib/gcc/arm-none-eabi/15.1.0/../../../../arm-none-eabi/lib/thumb/libc.a(libc_a-ssprint_r.o)
 .ARM.attributes
                0x000008c0       0x2a /opt/devkitpro/devkitARM/bin/../lib/gcc/arm-none-eabi/15.1.0/../../../../arm-none-eabi/lib/thumb/libc.a(libc_a-malignr.o)
 .ARM.attributes
                0x000008ea       0x2a /opt/devkitpro/devkitARM/bin/../lib/gcc/arm-none-eabi/15.1.0/../../../../arm-none-eabi/lib/thumb/libc.a(libc_a-strcat.o)
 .ARM.attributes
                0x00000914       0x2a /opt/devkitpro/devkitARM/bin/../lib/gcc/arm-none-eabi/15.1.0/../../../../arm-none-eabi/lib/thumb/libc.a(libc_a-wcsnrtombs.o)
 .ARM.attributes
                0x0000093e       0x2a /opt/devkitpro/devkitARM/bin/../lib/gcc/arm-none-eabi/15.1.0/../../../../arm-none-eabi/lib/thumb/libc.a(libc_a-mbtowc_r.o)
 .ARM.attributes
                0x00000968       0x2a /opt/devkitpro/devkitARM/bin/../lib/gcc/arm-none-eabi/15.1.0/../../../../arm-none-eabi/lib/thumb/libc.a(libc_a-errno.o)
 .ARM.attributes
                0x00000992       0x2a /opt/devkitpro/devkitARM/bin/../lib/gcc/arm-none-eabi/15.1.0/../../../../arm-none-eabi/lib/thumb/libc.a(libc_a-strlcpy.o)
 .ARM.attributes
                0x000009bc       0x2a /opt/devkitpro/devkitARM/bin/../lib/gcc/arm-none-eabi/15.1.0/../../../../arm-none-eabi/lib/thumb/libc.a(libc_a-strcasecmp.o)
 .ARM.attributes
                0x000009e6       0x2a /opt/devkitpro/devkitARM/bin/../lib/gcc/arm-none-eabi/15.1.0/../../../../arm-none-eabi/lib/thumb/libc.a(libc_a-strcpy.o)
 .ARM.attributes
                0x00000a10       0x2a /opt/devkitpro/devkitARM/bin/../lib/gcc/arm-none-eabi/15.1.0/../../../../arm-none-eabi/lib/thumb/libc.a(libc_a-categories.o)
 .ARM.attributes
                0x00000a3a       0x2a /opt/devkitpro/devkitARM/bin/../lib/gcc/arm-none-eabi/15.1.0/../../../../arm-none-eabi/lib/thumb/libc.a(libc_a-getenv_r.o)
 .ARM.attributes
                0x00000a64       0x2a /opt/devkitpro/devkitARM/bin/../lib/gcc/arm-none-eabi/15.1.0/../../../../arm-none-eabi/lib/thumb/libc.a(libc_a-ssputs_r.o)
 .ARM.attributes
                0x00000a8e       0x2a /opt/devkitpro/devkitARM/bin/../lib/gcc/arm-none-eabi/15.1.0/../../../../arm-none-eabi/lib/thumb/libc.a(libc_a-strncasecmp.o)
 .ARM.attributes
                0x00000ab8       0x1a /opt/devkitpro/devkitARM/bin/../lib/gcc/arm-none-eabi/15.1.0/../../../../arm-none-eabi/lib/thumb/libc.a(libc_a-strcmp.o)
 .ARM.attributes
                0x00000ad2       0x2a /opt/devkitpro/devkitARM/bin/../lib/gcc/arm-none-eabi/15.1.0/../../../../arm-none-eabi/lib/thumb/libc.a(libc_a-wctomb_r.o)
 .ARM.attributes
                0x00000afc       0x2a /opt/devkitpro/devkitARM/bin/../lib/gcc/arm-none-eabi/15.1.0/../../../../arm-none-eabi/lib/thumb/libc.a(libc_a-strncmp.o)
 .ARM.attributes
                0x00000b26       0x2a /opt/devkitpro/devkitARM/bin/../lib/gcc/arm-none-eabi/15.1.0/../../../../arm-none-eabi/lib/thumb/libc.a(libc_a-strchr.o)
 .ARM.attributes
                0x00000b50       0x2a /opt/devkitpro/devkitARM/bin/../lib/gcc/arm-none-eabi/15.1.0/../../../../arm-none-eabi/lib/thumb/libc.a(libc_a-envlock.o)
 .ARM.attributes
                0x00000b7a       0x2a /opt/devkitpro/devkitARM/bin/../lib/gcc/arm-none-eabi/15.1.0/../../../../arm-none-eabi/lib/thumb/libc.a(libc_a-environ.o)
 .ARM.attributes
                0x00000ba4       0x2a /opt/devkitpro/devkitARM/bin/../lib/gcc/arm-none-eabi/15.1.0/../../../../arm-none-eabi/lib/thumb/libsysbase.a(libsysbase_libsysbase_a-fstat.o)
 .ARM.attributes
                0x00000bce       0x2a /opt/devkitpro/devkitARM/bin/../lib/gcc/arm-none-eabi/15.1.0/../../../../arm-none-eabi/lib/thumb/libsysbase.a(libsysbase_libsysbase_a-getreent.o)
 .ARM.attributes
                0x00000bf8       0x2a /opt/devkitpro/devkitARM/bin/../lib/gcc/arm-none-eabi/15.1.0/../../../../arm-none-eabi/lib/thumb/libsysbase.a(libsysbase_libsysbase_a-handle_manager.o)
 .ARM.attributes
                0x00000c22       0x2a /opt/devkitpro/devkitARM/bin/../lib/gcc/arm-none-eabi/15.1.0/../../../../arm-none-eabi/lib/thumb/libsysbase.a(libsysbase_libsysbase_a-iosupport.o)
 .ARM.attributes
                0x00000c4c       0x2a /opt/devkitpro/devkitARM/bin/../lib/gcc/arm-none-eabi/15.1.0/../../../../arm-none-eabi/lib/thumb/libsysbase.a(libsysbase_libsysbase_a-isatty.o)
 .ARM.attributes
                0x00000c76       0x2a /opt/devkitpro/devkitARM/bin/../lib/gcc/arm-none-eabi/15.1.0/../../../../arm-none-eabi/lib/thumb/libsysbase.a(libsysbase_libsysbase_a-lseek.o)
 .ARM.attributes
                0x00000ca0       0x2a /opt/devkitpro/devkitARM/bin/../lib/gcc/arm-none-eabi/15.1.0/../../../../arm-none-eabi/lib/thumb/libsysbase.a(libsysbase_libsysbase_a-malloc_vars.o)
 .ARM.attributes
                0x00000cca       0x2a /opt/devkitpro/devkitARM/bin/../lib/gcc/arm-none-eabi/15.1.0/../../../../arm-none-eabi/lib/thumb/libsysbase.a(libsysbase_libsysbase_a-read.o)
 .ARM.attributes
                0x00000cf4       0x2a /opt/devkitpro/devkitARM/bin/../lib/gcc/arm-none-eabi/15.1.0/../../../../arm-none-eabi/lib/thumb/libsysbase.a(libsysbase_libsysbase_a-sbrk.o)
 .ARM.attributes
                0x00000d1e       0x2a /opt/devkitpro/devkitARM/bin/../lib/gcc/arm-none-eabi/15.1.0/../../../../arm-none-eabi/lib/thumb/libsysbase.a(libsysbase_libsysbase_a-syscall_support.o)
 .ARM.attributes
                0x00000d48       0x2a /opt/devkitpro/devkitARM/bin/../lib/gcc/arm-none-eabi/15.1.0/../../../../arm-none-eabi/lib/thumb/libsysbase.a(libsysbase_libsysbase_a-write.o)
 .ARM.attributes
                0x00000d72       0x2a /opt/devkitpro/devkitARM/bin/../lib/gcc/arm-none-eabi/15.1.0/../../../../arm-none-eabi/lib/thumb/libsysbase.a(libsysbase_libsysbase_a-clocks.o)
 .ARM.attributes
                0x00000d9c       0x1c /opt/devkitpro/devkitARM/bin/../lib/gcc/arm-none-eabi/15.1.0/thumb/libgcc.a(_thumb1_case_uqi.o)
 .ARM.attributes
                0x00000db8       0x1c /opt/devkitpro/devkitARM/bin/../lib/gcc/arm-none-eabi/15.1.0/thumb/libgcc.a(_thumb1_case_uhi.o)
 .ARM.attributes
                0x00000dd4       0x1c /opt/devkitpro/devkitARM/bin/../lib/gcc/arm-none-eabi/15.1.0/thumb/libgcc.a(_udivsi3.o)
 .ARM.attributes
                0x00000df0       0x1c /opt/devkitpro/devkitARM/bin/../lib/gcc/arm-none-eabi/15.1.0/thumb/libgcc.a(_divsi3.o)
 .ARM.attributes
                0x00000e0c       0x1c /opt/devkitpro/devkitARM/bin/../lib/gcc/arm-none-eabi/15.1.0/thumb/libgcc.a(_dvmd_tls.o)
 .ARM.attributes
                0x00000e28       0x1c /opt/devkitpro/devkitARM/bin/../lib/gcc/arm-none-eabi/15.1.0/thumb/libgcc.a(_aeabi_uldivmod.o)
 .ARM.attributes
                0x00000e44       0x2a /opt/devkitpro/devkitARM/bin/../lib/gcc/arm-none-eabi/15.1.0/thumb/libgcc.a(_muldi3.o)
 .ARM.attributes
                0x00000e6e       0x2a /opt/devkitpro/devkitARM/bin/../lib/gcc/arm-none-eabi/15.1.0/thumb/libgcc.a(_udivmoddi4.o)
 .ARM.attributes
                0x00000e98       0x1c /opt/devkitpro/devkitARM/bin/../lib/gcc/arm-none-eabi/15.1.0/thumb/libgcc.a(_clzdi2.o)
 .ARM.attributes
                0x00000eb4       0x1c /opt/devkitpro/devkitARM/bin/../lib/gcc/arm-none-eabi/15.1.0/thumb/libgcc.a(_clzsi2.o)
 .ARM.attributes
                0x00000ed0       0x2a /opt/devkitpro/devkitARM/bin/../lib/gcc/arm-none-eabi/15.1.0/thumb/crtend.o
 .ARM.attributes
                0x00000efa       0x1c /opt/devkitpro/devkitARM/bin/../lib/gcc/arm-none-eabi/15.1.0/thumb/crtn.o

/DISCARD/
 *(.note.GNU-stack)
LOAD /opt/devkitpro/devkitARM/bin/../lib/gcc/arm-none-eabi/15.1.0/../../../../arm-none-eabi/lib/thumb/gba_crt0.o
LOAD /opt/devkitpro/devkitARM/bin/../lib/gcc/arm-none-eabi/15.1.0/thumb/crti.o
LOAD /opt/devkitpro/devkitARM/bin/../lib/gcc/arm-none-eabi/15.1.0/thumb/crtbegin.o
LOAD game.o
LOAD /opt/devkitpro/libgba/lib/libgba.a
LOAD /opt/devkitpro/devkitARM/bin/../lib/gcc/arm-none-eabi/15.1.0/../../../../arm-none-eabi/lib/thumb/libstdc++.a
LOAD /opt/devkitpro/devkitARM/bin/../lib/gcc/arm-none-eabi/15.1.0/../../../../arm-none-eabi/lib/thumb/libm.a
START GROUP
LOAD /opt/devkitpro/devkitARM/bin/../lib/gcc/arm-none-eabi/15.1.0/thumb/libgcc.a
LOAD /opt/devkitpro/devkitARM/bin/../lib/gcc/arm-none-eabi/15.1.0/../../../../arm-none-eabi/lib/thumb/libc.a
LOAD /opt/devkitpro/devkitARM/bin/../lib/gcc/arm-none-eabi/15.1.0/../../../../arm-none-eabi/lib/thumb/libsysbase.a
END GROUP
LOAD /opt/devkitpro/devkitARM/bin/../lib/gcc/arm-none-eabi/15.1.0/thumb/crtend.o
LOAD /opt/devkitpro/devkitARM/bin/../lib/gcc/arm-none-eabi/15.1.0/thumb/crtn.o
OUTPUT(game.elf elf32-littlearm)
LOAD linker stubs

.debug_loclists
                0x00000000     0x106d
 .debug_loclists
                0x00000000      0xc74 /opt/devkitpro/libgba/lib/libgba.a(console.o)
 .debug_loclists
                0x00000c74       0xba /opt/devkitpro/libgba/lib/libgba.a(CpuSet.o)
 .debug_loclists
                0x00000d2e       0x4b /opt/devkitpro/libgba/lib/libgba.a(input.o)
 .debug_loclists
                0x00000d79      0x2f4 /opt/devkitpro/libgba/lib/libgba.a(interrupt.o)

.debug_rnglists
                0x00000000      0x143
 .debug_rnglists
                0x00000000       0xed /opt/devkitpro/libgba/lib/libgba.a(console.o)
 .debug_rnglists
                0x000000ed       0x13 /opt/devkitpro/libgba/lib/libgba.a(CpuSet.o)
 .debug_rnglists
                0x00000100       0x43 /opt/devkitpro/libgba/lib/libgba.a(interrupt.o)

.debug_line_str
                0x00000000       0xae
 .debug_line_str
                0x00000000       0xae /opt/devkitpro/libgba/lib/libgba.a(InterruptDispatcher.o)
